<html>
<body>
<pre>
<h1>µVision Build Log</h1>
<h2>Tool Versions:</h2>
IDE-Version: ¦ÌVision V5.15
Copyright (C) 2015 ARM Ltd and ARM Germany GmbH. All rights reserved.
License Information: keil qqyanghaosenqq@outlook.com, keil, LIC=HN08T-RZUJ5-2YNV0-B7QZT-1VVYZ-YG1W1
 
Tool Versions:
Toolchain:       MDK-ARM Standard  Version: 5.15.0
Toolchain Path:  C:\Keil_v5\ARM\ARMCC\Bin
C Compiler:      Armcc.exe V5.05 update 2 (build 169)
Assembler:       Armasm.exe V5.05 update 2 (build 169)
Linker/Locator:  ArmLink.exe V5.05 update 2 (build 169)
Library Manager: ArmAr.exe V5.05 update 2 (build 169)
Hex Converter:   FromElf.exe V5.05 update 2 (build 169)
CPU DLL:         SARMCM3.DLL V5.15.0
Dialog DLL:      DARMSTM.DLL V1.65.0.0
Target DLL:      Segger\JL2CM3.dll V2.99.15.0
Dialog DLL:      DARMSTM.DLL V1.65.0.0
 
<h2>Project:</h2>
D:\mdkWorkspace\csuIotSmartHomeYhs\mydevice -rasptest\project\IotSmartHome.uvprojx
Project File Date:  07/17/2018

<h2>Output:</h2>
*** Using Compiler 'V5.05 update 2 (build 169)', folder: 'C:\Keil_v5\ARM\ARMCC\Bin'
Build target 'Target 1'
compiling main.c...
..\user\main.c(21): warning:  #177-D: variable "buf1" was declared but never referenced
        u8  buf1[20] ={0xaa,0xbb,0x00,0xff,0xff,0x01,0x01,0x01,0x01,0x00,0x00,0xee,0xff};
..\user\main.c(22): warning:  #177-D: variable "buf2" was declared but never referenced
        u8  buf2[1] = {0x00};
..\user\main.c(23): warning:  #550-D: variable "len" was set but never used
        u8 len;
..\user\main.c: 3 warnings, 0 errors
linking...
Program Size: Code=4748 RO-data=288 RW-data=16 ZI-data=2144  
FromELF: creating hex file...
".\Objects\IotSmartHome.axf" - 0 Error(s), 3 Warning(s).

<h2>Collection of Component include folders:</h2>
  D:\mdkWorkspace\csuIotSmartHomeYhs\mydevice -rasptest\project\RTE
  C:\Keil_v5\ARM\PACK\Keil\STM32F1xx_DFP\2.1.0\Device\Include

<h2>Collection of Component Files used:</h2>
</pre>
</body>
</html>
