Component: ARM Compiler 5.05 update 2 (build 169) Tool: armlink [4d0f33]

==============================================================================

Section Cross References

    main.o(i.fputc) refers to briupusart.o(i.putChar) for putChar
    main.o(i.main) refers to misc.o(i.NVIC_PriorityGroupConfig) for NVIC_PriorityGroupConfig
    main.o(i.main) refers to briupzigbee.o(i.zigbeeInit) for zigbeeInit
    main.o(i.main) refers to briupdelay.o(i._delay_init) for _delay_init
    main.o(i.main) refers to briupgpio.o(i.briupGPIOInit) for briupGPIOInit
    main.o(i.main) refers to briupusart.o(i.usart1Init) for usart1Init
    main.o(i.main) refers to fire.o(i.fireInit) for fireInit
    main.o(i.main) refers to baseperipheral.o(i.baseLedSet) for baseLedSet
    main.o(i.main) refers to protocol.o(i.protocolSend) for protocolSend
    main.o(i.main) refers to baseperipheral.o(i.baseBeepSet) for baseBeepSet
    main.o(i.main) refers to briupdelay.o(i._delay_ms) for _delay_ms
    main.o(i.main) refers to protocol.o(i.protocolRes) for protocolRes
    main.o(i.main) refers to fire.o(.data) for statFlag
    protocol.o(i.protocolCon) refers to briupzigbee.o(i.zigbeeGetData) for zigbeeGetData
    protocol.o(i.protocolCon) refers to briupusart.o(i.putBuffer) for putBuffer
    protocol.o(i.protocolCon) refers to memseta.o(.text) for __aeabi_memclr
    protocol.o(i.protocolCon) refers to memcpya.o(.text) for __aeabi_memcpy
    protocol.o(i.protocolCon) refers to protocol.o(i.cmdCheck) for cmdCheck
    protocol.o(i.protocolCon) refers to protocol.o(i.protocolSend) for protocolSend
    protocol.o(i.protocolCon) refers to briupusart.o(i.putChar) for putChar
    protocol.o(i.protocolCon) refers to protocol.o(.data) for addh
    protocol.o(i.protocolRes) refers to briupzigbee.o(i.zigbeeGetData) for zigbeeGetData
    protocol.o(i.protocolRes) refers to briupusart.o(i.putBuffer) for putBuffer
    protocol.o(i.protocolRes) refers to memseta.o(.text) for __aeabi_memclr
    protocol.o(i.protocolRes) refers to memcpya.o(.text) for __aeabi_memcpy
    protocol.o(i.protocolRes) refers to protocol.o(i.cmdCheck) for cmdCheck
    protocol.o(i.protocolRes) refers to protocol.o(i.protocolSend) for protocolSend
    protocol.o(i.protocolRes) refers to protocol.o(.data) for heart
    protocol.o(i.protocolSend) refers to briupzigbee.o(i.zigbeeSendBuf) for zigbeeSendBuf
    protocol.o(i.protocolSend) refers to protocol.o(.data) for addh
    startup_stm32f10x_md.o(RESET) refers to startup_stm32f10x_md.o(STACK) for __initial_sp
    startup_stm32f10x_md.o(RESET) refers to startup_stm32f10x_md.o(.text) for Reset_Handler
    startup_stm32f10x_md.o(RESET) refers to fire.o(i.EXTI0_IRQHandler) for EXTI0_IRQHandler
    startup_stm32f10x_md.o(RESET) refers to fire.o(i.EXTI1_IRQHandler) for EXTI1_IRQHandler
    startup_stm32f10x_md.o(RESET) refers to fire.o(i.EXTI9_5_IRQHandler) for EXTI9_5_IRQHandler
    startup_stm32f10x_md.o(RESET) refers to briupusart.o(i.USART1_IRQHandler) for USART1_IRQHandler
    startup_stm32f10x_md.o(RESET) refers to briupzigbee.o(i.USART2_IRQHandler) for USART2_IRQHandler
    startup_stm32f10x_md.o(.text) refers to system_stm32f10x.o(i.SystemInit) for SystemInit
    startup_stm32f10x_md.o(.text) refers to entry.o(.ARM.Collect$$$$00000000) for __main
    fire.o(i.EXTI0_IRQHandler) refers to briupdelay.o(i._delay_ms) for _delay_ms
    fire.o(i.EXTI0_IRQHandler) refers to fire.o(.data) for statFlag
    fire.o(i.EXTI1_IRQHandler) refers to briupdelay.o(i._delay_ms) for _delay_ms
    fire.o(i.EXTI1_IRQHandler) refers to fire.o(.data) for statFlag
    fire.o(i.EXTI9_5_IRQHandler) refers to briupdelay.o(i._delay_ms) for _delay_ms
    fire.o(i.EXTI9_5_IRQHandler) refers to fire.o(.data) for statFlag
    fire.o(i.fireInit) refers to misc.o(i.NVIC_Init) for NVIC_Init
    fire.o(i.fogStat) refers to briupdelay.o(i._delay_ms) for _delay_ms
    briupzigbee.o(i.USART2_IRQHandler) refers to briupzigbee.o(.bss) for zbBuffer
    briupzigbee.o(i.USART2_IRQHandler) refers to briupzigbee.o(.data) for zbTail
    briupzigbee.o(i.zigbeeGetData) refers to briupzigbee.o(.data) for zbCount
    briupzigbee.o(i.zigbeeGetData) refers to briupzigbee.o(.bss) for zbBuffer
    briupzigbee.o(i.zigbeeInit) refers to dfltui.o(.text) for __aeabi_ui2d
    briupzigbee.o(i.zigbeeInit) refers to dfixui.o(.text) for __aeabi_d2uiz
    briupzigbee.o(i.zigbeeInit) refers to dadd.o(.text) for __aeabi_drsub
    briupzigbee.o(i.zigbeeInit) refers to dmul.o(.text) for __aeabi_dmul
    briupzigbee.o(i.zigbeeInit) refers to misc.o(i.NVIC_Init) for NVIC_Init
    briupdelay.o(i._delay_init) refers to briupdelay.o(.data) for frac_us
    briupdelay.o(i._delay_ms) refers to briupdelay.o(.data) for frac_ms
    briupdelay.o(i._delay_sec) refers to dmul.o(.text) for __aeabi_dmul
    briupdelay.o(i._delay_sec) refers to dfixui.o(.text) for __aeabi_d2uiz
    briupdelay.o(i._delay_sec) refers to briupdelay.o(i._delay_ms) for _delay_ms
    briupdelay.o(i._delay_us) refers to briupdelay.o(.data) for frac_us
    briupusart.o(i.USART1_IRQHandler) refers to briupusart.o(.bss) for Usart1Buf
    briupusart.o(i.USART1_IRQHandler) refers to briupusart.o(.data) for u1Tail
    briupusart.o(i.getBuffer) refers to briupusart.o(.data) for u1Count
    briupusart.o(i.getBuffer) refers to briupusart.o(.bss) for Usart1Buf
    briupusart.o(i.getStr) refers to briupusart.o(i.getChar) for getChar
    briupusart.o(i.putBuffer) refers to briupusart.o(i.putChar) for putChar
    briupusart.o(i.putStr) refers to briupusart.o(i.putChar) for putChar
    briupusart.o(i.usart1Init) refers to dfltui.o(.text) for __aeabi_ui2d
    briupusart.o(i.usart1Init) refers to dmul.o(.text) for __aeabi_dmul
    briupusart.o(i.usart1Init) refers to ddiv.o(.text) for __aeabi_ddiv
    briupusart.o(i.usart1Init) refers to dfixui.o(.text) for __aeabi_d2uiz
    briupusart.o(i.usart1Init) refers to dadd.o(.text) for __aeabi_drsub
    briupusart.o(i.usart1Init) refers to misc.o(i.NVIC_Init) for NVIC_Init
    system_stm32f10x.o(i.SetSysClock) refers to system_stm32f10x.o(i.SetSysClockTo72) for SetSysClockTo72
    system_stm32f10x.o(i.SystemCoreClockUpdate) refers to system_stm32f10x.o(.data) for SystemCoreClock
    system_stm32f10x.o(i.SystemInit) refers to system_stm32f10x.o(i.SetSysClock) for SetSysClock
    entry.o(.ARM.Collect$$$$00000000) refers (Special) to entry10a.o(.ARM.Collect$$$$0000000D) for __rt_final_cpp
    entry.o(.ARM.Collect$$$$00000000) refers (Special) to entry11a.o(.ARM.Collect$$$$0000000F) for __rt_final_exit
    entry.o(.ARM.Collect$$$$00000000) refers (Special) to entry7b.o(.ARM.Collect$$$$00000008) for _main_clock
    entry.o(.ARM.Collect$$$$00000000) refers (Special) to entry8b.o(.ARM.Collect$$$$0000000A) for _main_cpp_init
    entry.o(.ARM.Collect$$$$00000000) refers (Special) to entry9a.o(.ARM.Collect$$$$0000000B) for _main_init
    entry.o(.ARM.Collect$$$$00000000) refers (Special) to entry5.o(.ARM.Collect$$$$00000004) for _main_scatterload
    entry.o(.ARM.Collect$$$$00000000) refers (Special) to entry2.o(.ARM.Collect$$$$00000001) for _main_stk
    dadd.o(.text) refers (Special) to iusefp.o(.text) for __I$use$fp
    dadd.o(.text) refers to llshl.o(.text) for __aeabi_llsl
    dadd.o(.text) refers to llsshr.o(.text) for __aeabi_lasr
    dadd.o(.text) refers to depilogue.o(.text) for _double_epilogue
    dmul.o(.text) refers (Special) to iusefp.o(.text) for __I$use$fp
    dmul.o(.text) refers to depilogue.o(.text) for _double_epilogue
    ddiv.o(.text) refers (Special) to iusefp.o(.text) for __I$use$fp
    ddiv.o(.text) refers to depilogue.o(.text) for _double_round
    dfltui.o(.text) refers (Special) to iusefp.o(.text) for __I$use$fp
    dfltui.o(.text) refers to depilogue.o(.text) for _double_epilogue
    dfixui.o(.text) refers (Special) to iusefp.o(.text) for __I$use$fp
    dfixui.o(.text) refers to llushr.o(.text) for __aeabi_llsr
    entry2.o(.ARM.Collect$$$$00000001) refers to entry2.o(.ARM.Collect$$$$00002712) for __lit__00000000
    entry2.o(.ARM.Collect$$$$00002712) refers to startup_stm32f10x_md.o(STACK) for __initial_sp
    entry2.o(__vectab_stack_and_reset_area) refers to startup_stm32f10x_md.o(STACK) for __initial_sp
    entry2.o(__vectab_stack_and_reset_area) refers to entry.o(.ARM.Collect$$$$00000000) for __main
    entry5.o(.ARM.Collect$$$$00000004) refers to init.o(.text) for __scatterload
    entry9a.o(.ARM.Collect$$$$0000000B) refers to main.o(i.main) for main
    entry9b.o(.ARM.Collect$$$$0000000C) refers to main.o(i.main) for main
    depilogue.o(.text) refers to llshl.o(.text) for __aeabi_llsl
    depilogue.o(.text) refers to llushr.o(.text) for __aeabi_llsr
    init.o(.text) refers to entry5.o(.ARM.Collect$$$$00000004) for __main_after_scatterload


==============================================================================

Removing Unused input sections from the image.

    Removing main.o(i.fputc), (16 bytes).
    Removing protocol.o(i.protocolCon), (180 bytes).
    Removing startup_stm32f10x_md.o(HEAP), (512 bytes).
    Removing fire.o(i.CH4Stat), (24 bytes).
    Removing fire.o(i.fireStat), (24 bytes).
    Removing fire.o(i.fogStat), (32 bytes).
    Removing fire.o(i.infrared), (24 bytes).
    Removing briupdelay.o(i._delay_sec), (64 bytes).
    Removing briupdelay.o(i._delay_us), (96 bytes).
    Removing briupusart.o(i.getBuffer), (100 bytes).
    Removing briupusart.o(i.getChar), (28 bytes).
    Removing briupusart.o(i.getStr), (32 bytes).
    Removing briupusart.o(i.putDataDma), (32 bytes).
    Removing briupusart.o(i.putStr), (22 bytes).
    Removing core_cm3.o(.emb_text), (32 bytes).
    Removing system_stm32f10x.o(i.SystemCoreClockUpdate), (164 bytes).
    Removing system_stm32f10x.o(.data), (20 bytes).
    Removing misc.o(i.NVIC_SetVectorTable), (20 bytes).
    Removing misc.o(i.NVIC_SystemLPConfig), (32 bytes).
    Removing misc.o(i.SysTick_CLKSourceConfig), (40 bytes).

20 unused section(s) (total 1494 bytes) removed from the image.

==============================================================================

Image Symbol Table

    Local Symbols

    Symbol Name                              Value     Ov Type        Size  Object(Section)

    ../clib/microlib/init/entry.s            0x00000000   Number         0  entry10a.o ABSOLUTE
    ../clib/microlib/init/entry.s            0x00000000   Number         0  entry9b.o ABSOLUTE
    ../clib/microlib/init/entry.s            0x00000000   Number         0  entry10b.o ABSOLUTE
    ../clib/microlib/init/entry.s            0x00000000   Number         0  entry9a.o ABSOLUTE
    ../clib/microlib/init/entry.s            0x00000000   Number         0  entry8b.o ABSOLUTE
    ../clib/microlib/init/entry.s            0x00000000   Number         0  entry8a.o ABSOLUTE
    ../clib/microlib/init/entry.s            0x00000000   Number         0  entry.o ABSOLUTE
    ../clib/microlib/init/entry.s            0x00000000   Number         0  entry7b.o ABSOLUTE
    ../clib/microlib/init/entry.s            0x00000000   Number         0  entry5.o ABSOLUTE
    ../clib/microlib/init/entry.s            0x00000000   Number         0  entry2.o ABSOLUTE
    ../clib/microlib/init/entry.s            0x00000000   Number         0  entry7a.o ABSOLUTE
    ../clib/microlib/init/entry.s            0x00000000   Number         0  entry11a.o ABSOLUTE
    ../clib/microlib/init/entry.s            0x00000000   Number         0  entry11b.o ABSOLUTE
    ../clib/microlib/longlong.c              0x00000000   Number         0  llshl.o ABSOLUTE
    ../clib/microlib/longlong.c              0x00000000   Number         0  llushr.o ABSOLUTE
    ../clib/microlib/longlong.c              0x00000000   Number         0  llsshr.o ABSOLUTE
    ../clib/microlib/string/memcpy.c         0x00000000   Number         0  memcpya.o ABSOLUTE
    ../clib/microlib/string/memcpy.c         0x00000000   Number         0  memcpyb.o ABSOLUTE
    ../clib/microlib/string/memset.c         0x00000000   Number         0  memseta.o ABSOLUTE
    ../clib/microlib/stubs.s                 0x00000000   Number         0  iusefp.o ABSOLUTE
    ../fplib/microlib/fpadd.c                0x00000000   Number         0  dadd.o ABSOLUTE
    ../fplib/microlib/fpdiv.c                0x00000000   Number         0  ddiv.o ABSOLUTE
    ../fplib/microlib/fpepilogue.c           0x00000000   Number         0  depilogue.o ABSOLUTE
    ../fplib/microlib/fpfix.c                0x00000000   Number         0  dfixui.o ABSOLUTE
    ../fplib/microlib/fpflt.c                0x00000000   Number         0  dfltui.o ABSOLUTE
    ../fplib/microlib/fpmul.c                0x00000000   Number         0  dmul.o ABSOLUTE
    ..\Libraries\CMSIS\CM3\CoreSupport\core_cm3.c 0x00000000   Number         0  core_cm3.o ABSOLUTE
    ..\Libraries\CMSIS\CM3\DeviceSupport\ST\STM32F10x\startup\arm\startup_stm32f10x_md.s 0x00000000   Number         0  startup_stm32f10x_md.o ABSOLUTE
    ..\Libraries\CMSIS\CM3\DeviceSupport\ST\STM32F10x\system_stm32f10x.c 0x00000000   Number         0  system_stm32f10x.o ABSOLUTE
    ..\Libraries\STM32F10x_StdPeriph_Driver\src\misc.c 0x00000000   Number         0  misc.o ABSOLUTE
    ..\\Libraries\\CMSIS\\CM3\\CoreSupport\\core_cm3.c 0x00000000   Number         0  core_cm3.o ABSOLUTE
    ..\devices\src\basePeripheral.c          0x00000000   Number         0  baseperipheral.o ABSOLUTE
    ..\devices\src\fire.c                    0x00000000   Number         0  fire.o ABSOLUTE
    ..\hardware\src\briupDelay.c             0x00000000   Number         0  briupdelay.o ABSOLUTE
    ..\hardware\src\briupGPIO.c              0x00000000   Number         0  briupgpio.o ABSOLUTE
    ..\hardware\src\briupUSART.c             0x00000000   Number         0  briupusart.o ABSOLUTE
    ..\hardware\src\briupZigbee.c            0x00000000   Number         0  briupzigbee.o ABSOLUTE
    ..\user\main.c                           0x00000000   Number         0  main.o ABSOLUTE
    ..\user\protocol.c                       0x00000000   Number         0  protocol.o ABSOLUTE
    dc.s                                     0x00000000   Number         0  dc.o ABSOLUTE
    handlers.s                               0x00000000   Number         0  handlers.o ABSOLUTE
    init.s                                   0x00000000   Number         0  init.o ABSOLUTE
    RESET                                    0x08000000   Section      236  startup_stm32f10x_md.o(RESET)
    .ARM.Collect$$$$00000000                 0x080000ec   Section        0  entry.o(.ARM.Collect$$$$00000000)
    .ARM.Collect$$$$00000001                 0x080000ec   Section        4  entry2.o(.ARM.Collect$$$$00000001)
    .ARM.Collect$$$$00000004                 0x080000f0   Section        4  entry5.o(.ARM.Collect$$$$00000004)
    .ARM.Collect$$$$00000008                 0x080000f4   Section        0  entry7b.o(.ARM.Collect$$$$00000008)
    .ARM.Collect$$$$0000000A                 0x080000f4   Section        0  entry8b.o(.ARM.Collect$$$$0000000A)
    .ARM.Collect$$$$0000000B                 0x080000f4   Section        8  entry9a.o(.ARM.Collect$$$$0000000B)
    .ARM.Collect$$$$0000000D                 0x080000fc   Section        0  entry10a.o(.ARM.Collect$$$$0000000D)
    .ARM.Collect$$$$0000000F                 0x080000fc   Section        0  entry11a.o(.ARM.Collect$$$$0000000F)
    .ARM.Collect$$$$00002712                 0x080000fc   Section        4  entry2.o(.ARM.Collect$$$$00002712)
    __lit__00000000                          0x080000fc   Data           4  entry2.o(.ARM.Collect$$$$00002712)
    .text                                    0x08000100   Section       36  startup_stm32f10x_md.o(.text)
    .text                                    0x08000124   Section        0  memcpya.o(.text)
    .text                                    0x08000148   Section        0  memseta.o(.text)
    .text                                    0x0800016c   Section        0  dadd.o(.text)
    .text                                    0x080002ba   Section        0  dmul.o(.text)
    .text                                    0x0800039e   Section        0  ddiv.o(.text)
    .text                                    0x0800047c   Section        0  dfltui.o(.text)
    .text                                    0x08000496   Section        0  dfixui.o(.text)
    .text                                    0x080004c8   Section        0  llshl.o(.text)
    .text                                    0x080004e6   Section        0  llushr.o(.text)
    .text                                    0x08000506   Section        0  llsshr.o(.text)
    .text                                    0x0800052a   Section        0  iusefp.o(.text)
    .text                                    0x0800052a   Section        0  depilogue.o(.text)
    .text                                    0x080005e4   Section       36  init.o(.text)
    i.EXTI0_IRQHandler                       0x08000608   Section        0  fire.o(i.EXTI0_IRQHandler)
    i.EXTI1_IRQHandler                       0x0800064c   Section        0  fire.o(i.EXTI1_IRQHandler)
    i.EXTI9_5_IRQHandler                     0x08000690   Section        0  fire.o(i.EXTI9_5_IRQHandler)
    i.NVIC_Init                              0x080006d4   Section        0  misc.o(i.NVIC_Init)
    i.NVIC_PriorityGroupConfig               0x08000744   Section        0  misc.o(i.NVIC_PriorityGroupConfig)
    i.SetSysClock                            0x08000758   Section        0  system_stm32f10x.o(i.SetSysClock)
    SetSysClock                              0x08000759   Thumb Code     8  system_stm32f10x.o(i.SetSysClock)
    i.SetSysClockTo72                        0x08000760   Section        0  system_stm32f10x.o(i.SetSysClockTo72)
    SetSysClockTo72                          0x08000761   Thumb Code   214  system_stm32f10x.o(i.SetSysClockTo72)
    i.SystemInit                             0x08000840   Section        0  system_stm32f10x.o(i.SystemInit)
    i.USART1_IRQHandler                      0x080008a0   Section        0  briupusart.o(i.USART1_IRQHandler)
    i.USART2_IRQHandler                      0x080008f0   Section        0  briupzigbee.o(i.USART2_IRQHandler)
    i.__scatterload_copy                     0x08000944   Section       14  handlers.o(i.__scatterload_copy)
    i.__scatterload_null                     0x08000952   Section        2  handlers.o(i.__scatterload_null)
    i.__scatterload_zeroinit                 0x08000954   Section       14  handlers.o(i.__scatterload_zeroinit)
    i._delay_init                            0x08000964   Section        0  briupdelay.o(i._delay_init)
    i._delay_ms                              0x08000998   Section        0  briupdelay.o(i._delay_ms)
    i.baseBeepSet                            0x08000a04   Section        0  baseperipheral.o(i.baseBeepSet)
    i.baseLedSet                             0x08000a28   Section        0  baseperipheral.o(i.baseLedSet)
    i.briupGPIOInit                          0x08000af4   Section        0  briupgpio.o(i.briupGPIOInit)
    i.cmdCheck                               0x08000b54   Section        0  protocol.o(i.cmdCheck)
    cmdCheck                                 0x08000b55   Thumb Code    50  protocol.o(i.cmdCheck)
    i.fireInit                               0x08000b88   Section        0  fire.o(i.fireInit)
    i.main                                   0x08000c88   Section        0  main.o(i.main)
    i.protocolRes                            0x08000e04   Section        0  protocol.o(i.protocolRes)
    i.protocolSend                           0x08000e9c   Section        0  protocol.o(i.protocolSend)
    i.putBuffer                              0x08000f3c   Section        0  briupusart.o(i.putBuffer)
    i.putChar                                0x08000f58   Section        0  briupusart.o(i.putChar)
    i.usart1Init                             0x08000f74   Section        0  briupusart.o(i.usart1Init)
    i.zigbeeGetData                          0x080010b4   Section        0  briupzigbee.o(i.zigbeeGetData)
    i.zigbeeInit                             0x0800119c   Section        0  briupzigbee.o(i.zigbeeInit)
    i.zigbeeSendBuf                          0x080012d0   Section        0  briupzigbee.o(i.zigbeeSendBuf)
    .data                                    0x20000000   Section        3  protocol.o(.data)
    .data                                    0x20000003   Section        1  fire.o(.data)
    .data                                    0x20000004   Section        6  briupzigbee.o(.data)
    zbHead                                   0x20000004   Data           2  briupzigbee.o(.data)
    zbTail                                   0x20000006   Data           2  briupzigbee.o(.data)
    zbCount                                  0x20000008   Data           2  briupzigbee.o(.data)
    .data                                    0x2000000a   Section        4  briupdelay.o(.data)
    frac_us                                  0x2000000a   Data           2  briupdelay.o(.data)
    frac_ms                                  0x2000000c   Data           2  briupdelay.o(.data)
    .data                                    0x2000000e   Section        6  briupusart.o(.data)
    u1Head                                   0x2000000e   Data           2  briupusart.o(.data)
    u1Tail                                   0x20000010   Data           2  briupusart.o(.data)
    u1Count                                  0x20000012   Data           2  briupusart.o(.data)
    .bss                                     0x20000014   Section      256  briupzigbee.o(.bss)
    zbBuffer                                 0x20000014   Data         256  briupzigbee.o(.bss)
    .bss                                     0x20000114   Section      256  briupusart.o(.bss)
    Usart1Buf                                0x20000114   Data         256  briupusart.o(.bss)
    STACK                                    0x20000218   Section     1024  startup_stm32f10x_md.o(STACK)

    Global Symbols

    Symbol Name                              Value     Ov Type        Size  Object(Section)

    BuildAttributes$$THM_ISAv4$P$D$K$B$S$PE$A:L22UL41UL21$X:L11$S22US41US21$IEEE1$IW$USESV6$~STKCKD$USESV7$~SHL$OSPACE$ROPI$EBA8$MICROLIB$REQ8$PRES8$EABIv2 0x00000000   Number         0  anon$$obj.o ABSOLUTE
    __ARM_use_no_argv                        0x00000000   Number         0  main.o ABSOLUTE
    __cpp_initialize__aeabi_                  - Undefined Weak Reference
    __cxa_finalize                            - Undefined Weak Reference
    __decompress                              - Undefined Weak Reference
    _clock_init                               - Undefined Weak Reference
    _microlib_exit                            - Undefined Weak Reference
    __Vectors_Size                           0x000000ec   Number         0  startup_stm32f10x_md.o ABSOLUTE
    __Vectors                                0x08000000   Data           4  startup_stm32f10x_md.o(RESET)
    __Vectors_End                            0x080000ec   Data           0  startup_stm32f10x_md.o(RESET)
    __main                                   0x080000ed   Thumb Code     0  entry.o(.ARM.Collect$$$$00000000)
    _main_stk                                0x080000ed   Thumb Code     0  entry2.o(.ARM.Collect$$$$00000001)
    _main_scatterload                        0x080000f1   Thumb Code     0  entry5.o(.ARM.Collect$$$$00000004)
    __main_after_scatterload                 0x080000f5   Thumb Code     0  entry5.o(.ARM.Collect$$$$00000004)
    _main_clock                              0x080000f5   Thumb Code     0  entry7b.o(.ARM.Collect$$$$00000008)
    _main_cpp_init                           0x080000f5   Thumb Code     0  entry8b.o(.ARM.Collect$$$$0000000A)
    _main_init                               0x080000f5   Thumb Code     0  entry9a.o(.ARM.Collect$$$$0000000B)
    __rt_final_cpp                           0x080000fd   Thumb Code     0  entry10a.o(.ARM.Collect$$$$0000000D)
    __rt_final_exit                          0x080000fd   Thumb Code     0  entry11a.o(.ARM.Collect$$$$0000000F)
    Reset_Handler                            0x08000101   Thumb Code     8  startup_stm32f10x_md.o(.text)
    NMI_Handler                              0x08000109   Thumb Code     2  startup_stm32f10x_md.o(.text)
    HardFault_Handler                        0x0800010b   Thumb Code     2  startup_stm32f10x_md.o(.text)
    MemManage_Handler                        0x0800010d   Thumb Code     2  startup_stm32f10x_md.o(.text)
    BusFault_Handler                         0x0800010f   Thumb Code     2  startup_stm32f10x_md.o(.text)
    UsageFault_Handler                       0x08000111   Thumb Code     2  startup_stm32f10x_md.o(.text)
    SVC_Handler                              0x08000113   Thumb Code     2  startup_stm32f10x_md.o(.text)
    DebugMon_Handler                         0x08000115   Thumb Code     2  startup_stm32f10x_md.o(.text)
    PendSV_Handler                           0x08000117   Thumb Code     2  startup_stm32f10x_md.o(.text)
    SysTick_Handler                          0x08000119   Thumb Code     2  startup_stm32f10x_md.o(.text)
    ADC1_2_IRQHandler                        0x0800011b   Thumb Code     0  startup_stm32f10x_md.o(.text)
    CAN1_RX1_IRQHandler                      0x0800011b   Thumb Code     0  startup_stm32f10x_md.o(.text)
    CAN1_SCE_IRQHandler                      0x0800011b   Thumb Code     0  startup_stm32f10x_md.o(.text)
    DMA1_Channel1_IRQHandler                 0x0800011b   Thumb Code     0  startup_stm32f10x_md.o(.text)
    DMA1_Channel2_IRQHandler                 0x0800011b   Thumb Code     0  startup_stm32f10x_md.o(.text)
    DMA1_Channel3_IRQHandler                 0x0800011b   Thumb Code     0  startup_stm32f10x_md.o(.text)
    DMA1_Channel4_IRQHandler                 0x0800011b   Thumb Code     0  startup_stm32f10x_md.o(.text)
    DMA1_Channel5_IRQHandler                 0x0800011b   Thumb Code     0  startup_stm32f10x_md.o(.text)
    DMA1_Channel6_IRQHandler                 0x0800011b   Thumb Code     0  startup_stm32f10x_md.o(.text)
    DMA1_Channel7_IRQHandler                 0x0800011b   Thumb Code     0  startup_stm32f10x_md.o(.text)
    EXTI15_10_IRQHandler                     0x0800011b   Thumb Code     0  startup_stm32f10x_md.o(.text)
    EXTI2_IRQHandler                         0x0800011b   Thumb Code     0  startup_stm32f10x_md.o(.text)
    EXTI3_IRQHandler                         0x0800011b   Thumb Code     0  startup_stm32f10x_md.o(.text)
    EXTI4_IRQHandler                         0x0800011b   Thumb Code     0  startup_stm32f10x_md.o(.text)
    FLASH_IRQHandler                         0x0800011b   Thumb Code     0  startup_stm32f10x_md.o(.text)
    I2C1_ER_IRQHandler                       0x0800011b   Thumb Code     0  startup_stm32f10x_md.o(.text)
    I2C1_EV_IRQHandler                       0x0800011b   Thumb Code     0  startup_stm32f10x_md.o(.text)
    I2C2_ER_IRQHandler                       0x0800011b   Thumb Code     0  startup_stm32f10x_md.o(.text)
    I2C2_EV_IRQHandler                       0x0800011b   Thumb Code     0  startup_stm32f10x_md.o(.text)
    PVD_IRQHandler                           0x0800011b   Thumb Code     0  startup_stm32f10x_md.o(.text)
    RCC_IRQHandler                           0x0800011b   Thumb Code     0  startup_stm32f10x_md.o(.text)
    RTCAlarm_IRQHandler                      0x0800011b   Thumb Code     0  startup_stm32f10x_md.o(.text)
    RTC_IRQHandler                           0x0800011b   Thumb Code     0  startup_stm32f10x_md.o(.text)
    SPI1_IRQHandler                          0x0800011b   Thumb Code     0  startup_stm32f10x_md.o(.text)
    SPI2_IRQHandler                          0x0800011b   Thumb Code     0  startup_stm32f10x_md.o(.text)
    TAMPER_IRQHandler                        0x0800011b   Thumb Code     0  startup_stm32f10x_md.o(.text)
    TIM1_BRK_IRQHandler                      0x0800011b   Thumb Code     0  startup_stm32f10x_md.o(.text)
    TIM1_CC_IRQHandler                       0x0800011b   Thumb Code     0  startup_stm32f10x_md.o(.text)
    TIM1_TRG_COM_IRQHandler                  0x0800011b   Thumb Code     0  startup_stm32f10x_md.o(.text)
    TIM1_UP_IRQHandler                       0x0800011b   Thumb Code     0  startup_stm32f10x_md.o(.text)
    TIM2_IRQHandler                          0x0800011b   Thumb Code     0  startup_stm32f10x_md.o(.text)
    TIM3_IRQHandler                          0x0800011b   Thumb Code     0  startup_stm32f10x_md.o(.text)
    TIM4_IRQHandler                          0x0800011b   Thumb Code     0  startup_stm32f10x_md.o(.text)
    USART3_IRQHandler                        0x0800011b   Thumb Code     0  startup_stm32f10x_md.o(.text)
    USBWakeUp_IRQHandler                     0x0800011b   Thumb Code     0  startup_stm32f10x_md.o(.text)
    USB_HP_CAN1_TX_IRQHandler                0x0800011b   Thumb Code     0  startup_stm32f10x_md.o(.text)
    USB_LP_CAN1_RX0_IRQHandler               0x0800011b   Thumb Code     0  startup_stm32f10x_md.o(.text)
    WWDG_IRQHandler                          0x0800011b   Thumb Code     0  startup_stm32f10x_md.o(.text)
    __aeabi_memcpy                           0x08000125   Thumb Code    36  memcpya.o(.text)
    __aeabi_memcpy4                          0x08000125   Thumb Code     0  memcpya.o(.text)
    __aeabi_memcpy8                          0x08000125   Thumb Code     0  memcpya.o(.text)
    __aeabi_memset                           0x08000149   Thumb Code    14  memseta.o(.text)
    __aeabi_memset4                          0x08000149   Thumb Code     0  memseta.o(.text)
    __aeabi_memset8                          0x08000149   Thumb Code     0  memseta.o(.text)
    __aeabi_memclr                           0x08000157   Thumb Code     4  memseta.o(.text)
    __aeabi_memclr4                          0x08000157   Thumb Code     0  memseta.o(.text)
    __aeabi_memclr8                          0x08000157   Thumb Code     0  memseta.o(.text)
    _memset$wrapper                          0x0800015b   Thumb Code    18  memseta.o(.text)
    __aeabi_dadd                             0x0800016d   Thumb Code   322  dadd.o(.text)
    __aeabi_dsub                             0x080002af   Thumb Code     6  dadd.o(.text)
    __aeabi_drsub                            0x080002b5   Thumb Code     6  dadd.o(.text)
    __aeabi_dmul                             0x080002bb   Thumb Code   228  dmul.o(.text)
    __aeabi_ddiv                             0x0800039f   Thumb Code   222  ddiv.o(.text)
    __aeabi_ui2d                             0x0800047d   Thumb Code    26  dfltui.o(.text)
    __aeabi_d2uiz                            0x08000497   Thumb Code    50  dfixui.o(.text)
    __aeabi_llsl                             0x080004c9   Thumb Code    30  llshl.o(.text)
    _ll_shift_l                              0x080004c9   Thumb Code     0  llshl.o(.text)
    __aeabi_llsr                             0x080004e7   Thumb Code    32  llushr.o(.text)
    _ll_ushift_r                             0x080004e7   Thumb Code     0  llushr.o(.text)
    __aeabi_lasr                             0x08000507   Thumb Code    36  llsshr.o(.text)
    _ll_sshift_r                             0x08000507   Thumb Code     0  llsshr.o(.text)
    __I$use$fp                               0x0800052b   Thumb Code     0  iusefp.o(.text)
    _double_round                            0x0800052b   Thumb Code    30  depilogue.o(.text)
    _double_epilogue                         0x08000549   Thumb Code   156  depilogue.o(.text)
    __scatterload                            0x080005e5   Thumb Code    28  init.o(.text)
    __scatterload_rt2                        0x080005e5   Thumb Code     0  init.o(.text)
    EXTI0_IRQHandler                         0x08000609   Thumb Code    54  fire.o(i.EXTI0_IRQHandler)
    EXTI1_IRQHandler                         0x0800064d   Thumb Code    54  fire.o(i.EXTI1_IRQHandler)
    EXTI9_5_IRQHandler                       0x08000691   Thumb Code    54  fire.o(i.EXTI9_5_IRQHandler)
    NVIC_Init                                0x080006d5   Thumb Code   100  misc.o(i.NVIC_Init)
    NVIC_PriorityGroupConfig                 0x08000745   Thumb Code    10  misc.o(i.NVIC_PriorityGroupConfig)
    SystemInit                               0x08000841   Thumb Code    78  system_stm32f10x.o(i.SystemInit)
    USART1_IRQHandler                        0x080008a1   Thumb Code    64  briupusart.o(i.USART1_IRQHandler)
    USART2_IRQHandler                        0x080008f1   Thumb Code    66  briupzigbee.o(i.USART2_IRQHandler)
    __scatterload_copy                       0x08000945   Thumb Code    14  handlers.o(i.__scatterload_copy)
    __scatterload_null                       0x08000953   Thumb Code     2  handlers.o(i.__scatterload_null)
    __scatterload_zeroinit                   0x08000955   Thumb Code    14  handlers.o(i.__scatterload_zeroinit)
    _delay_init                              0x08000965   Thumb Code    42  briupdelay.o(i._delay_init)
    _delay_ms                                0x08000999   Thumb Code   102  briupdelay.o(i._delay_ms)
    baseBeepSet                              0x08000a05   Thumb Code    30  baseperipheral.o(i.baseBeepSet)
    baseLedSet                               0x08000a29   Thumb Code   200  baseperipheral.o(i.baseLedSet)
    briupGPIOInit                            0x08000af5   Thumb Code    76  briupgpio.o(i.briupGPIOInit)
    fireInit                                 0x08000b89   Thumb Code   230  fire.o(i.fireInit)
    main                                     0x08000c89   Thumb Code   372  main.o(i.main)
    protocolRes                              0x08000e05   Thumb Code   146  protocol.o(i.protocolRes)
    protocolSend                             0x08000e9d   Thumb Code   150  protocol.o(i.protocolSend)
    putBuffer                                0x08000f3d   Thumb Code    28  briupusart.o(i.putBuffer)
    putChar                                  0x08000f59   Thumb Code    22  briupusart.o(i.putChar)
    usart1Init                               0x08000f75   Thumb Code   294  briupusart.o(i.usart1Init)
    zigbeeGetData                            0x080010b5   Thumb Code   216  briupzigbee.o(i.zigbeeGetData)
    zigbeeInit                               0x0800119d   Thumb Code   284  briupzigbee.o(i.zigbeeInit)
    zigbeeSendBuf                            0x080012d1   Thumb Code    40  briupzigbee.o(i.zigbeeSendBuf)
    Region$$Table$$Base                      0x080012fc   Number         0  anon$$obj.o(Region$$Table)
    Region$$Table$$Limit                     0x0800131c   Number         0  anon$$obj.o(Region$$Table)
    heart                                    0x20000000   Data           1  protocol.o(.data)
    addh                                     0x20000001   Data           1  protocol.o(.data)
    addl                                     0x20000002   Data           1  protocol.o(.data)
    statFlag                                 0x20000003   Data           1  fire.o(.data)
    __initial_sp                             0x20000618   Data           0  startup_stm32f10x_md.o(STACK)



==============================================================================

Memory Map of the image

  Image Entry point : 0x080000ed

  Load Region LR_IROM1 (Base: 0x08000000, Size: 0x00001330, Max: 0x00010000, ABSOLUTE)

    Execution Region ER_IROM1 (Base: 0x08000000, Size: 0x0000131c, Max: 0x00010000, ABSOLUTE)

    Base Addr    Size         Type   Attr      Idx    E Section Name        Object

    0x08000000   0x000000ec   Data   RO          116    RESET               startup_stm32f10x_md.o
    0x080000ec   0x00000000   Code   RO          417  * .ARM.Collect$$$$00000000  mc_w.l(entry.o)
    0x080000ec   0x00000004   Code   RO          436    .ARM.Collect$$$$00000001  mc_w.l(entry2.o)
    0x080000f0   0x00000004   Code   RO          439    .ARM.Collect$$$$00000004  mc_w.l(entry5.o)
    0x080000f4   0x00000000   Code   RO          441    .ARM.Collect$$$$00000008  mc_w.l(entry7b.o)
    0x080000f4   0x00000000   Code   RO          443    .ARM.Collect$$$$0000000A  mc_w.l(entry8b.o)
    0x080000f4   0x00000008   Code   RO          444    .ARM.Collect$$$$0000000B  mc_w.l(entry9a.o)
    0x080000fc   0x00000000   Code   RO          446    .ARM.Collect$$$$0000000D  mc_w.l(entry10a.o)
    0x080000fc   0x00000000   Code   RO          448    .ARM.Collect$$$$0000000F  mc_w.l(entry11a.o)
    0x080000fc   0x00000004   Code   RO          437    .ARM.Collect$$$$00002712  mc_w.l(entry2.o)
    0x08000100   0x00000024   Code   RO          117    .text               startup_stm32f10x_md.o
    0x08000124   0x00000024   Code   RO          420    .text               mc_w.l(memcpya.o)
    0x08000148   0x00000024   Code   RO          422    .text               mc_w.l(memseta.o)
    0x0800016c   0x0000014e   Code   RO          426    .text               mf_w.l(dadd.o)
    0x080002ba   0x000000e4   Code   RO          428    .text               mf_w.l(dmul.o)
    0x0800039e   0x000000de   Code   RO          430    .text               mf_w.l(ddiv.o)
    0x0800047c   0x0000001a   Code   RO          432    .text               mf_w.l(dfltui.o)
    0x08000496   0x00000032   Code   RO          434    .text               mf_w.l(dfixui.o)
    0x080004c8   0x0000001e   Code   RO          450    .text               mc_w.l(llshl.o)
    0x080004e6   0x00000020   Code   RO          452    .text               mc_w.l(llushr.o)
    0x08000506   0x00000024   Code   RO          454    .text               mc_w.l(llsshr.o)
    0x0800052a   0x00000000   Code   RO          456    .text               mc_w.l(iusefp.o)
    0x0800052a   0x000000ba   Code   RO          457    .text               mf_w.l(depilogue.o)
    0x080005e4   0x00000024   Code   RO          459    .text               mc_w.l(init.o)
    0x08000608   0x00000044   Code   RO          141    i.EXTI0_IRQHandler  fire.o
    0x0800064c   0x00000044   Code   RO          142    i.EXTI1_IRQHandler  fire.o
    0x08000690   0x00000044   Code   RO          143    i.EXTI9_5_IRQHandler  fire.o
    0x080006d4   0x00000070   Code   RO          381    i.NVIC_Init         misc.o
    0x08000744   0x00000014   Code   RO          382    i.NVIC_PriorityGroupConfig  misc.o
    0x08000758   0x00000008   Code   RO          347    i.SetSysClock       system_stm32f10x.o
    0x08000760   0x000000e0   Code   RO          348    i.SetSysClockTo72   system_stm32f10x.o
    0x08000840   0x00000060   Code   RO          350    i.SystemInit        system_stm32f10x.o
    0x080008a0   0x00000050   Code   RO          274    i.USART1_IRQHandler  briupusart.o
    0x080008f0   0x00000054   Code   RO          197    i.USART2_IRQHandler  briupzigbee.o
    0x08000944   0x0000000e   Code   RO          463    i.__scatterload_copy  mc_w.l(handlers.o)
    0x08000952   0x00000002   Code   RO          464    i.__scatterload_null  mc_w.l(handlers.o)
    0x08000954   0x0000000e   Code   RO          465    i.__scatterload_zeroinit  mc_w.l(handlers.o)
    0x08000962   0x00000002   PAD
    0x08000964   0x00000034   Code   RO          230    i._delay_init       briupdelay.o
    0x08000998   0x0000006c   Code   RO          231    i._delay_ms         briupdelay.o
    0x08000a04   0x00000024   Code   RO          122    i.baseBeepSet       baseperipheral.o
    0x08000a28   0x000000cc   Code   RO          123    i.baseLedSet        baseperipheral.o
    0x08000af4   0x00000060   Code   RO          262    i.briupGPIOInit     briupgpio.o
    0x08000b54   0x00000032   Code   RO           73    i.cmdCheck          protocol.o
    0x08000b86   0x00000002   PAD
    0x08000b88   0x00000100   Code   RO          144    i.fireInit          fire.o
    0x08000c88   0x0000017c   Code   RO            2    i.main              main.o
    0x08000e04   0x00000098   Code   RO           75    i.protocolRes       protocol.o
    0x08000e9c   0x000000a0   Code   RO           76    i.protocolSend      protocol.o
    0x08000f3c   0x0000001c   Code   RO          278    i.putBuffer         briupusart.o
    0x08000f58   0x0000001c   Code   RO          279    i.putChar           briupusart.o
    0x08000f74   0x00000140   Code   RO          282    i.usart1Init        briupusart.o
    0x080010b4   0x000000e8   Code   RO          198    i.zigbeeGetData     briupzigbee.o
    0x0800119c   0x00000134   Code   RO          199    i.zigbeeInit        briupzigbee.o
    0x080012d0   0x0000002c   Code   RO          200    i.zigbeeSendBuf     briupzigbee.o
    0x080012fc   0x00000020   Data   RO          461    Region$$Table       anon$$obj.o


    Execution Region RW_IRAM1 (Base: 0x20000000, Size: 0x00000618, Max: 0x00005000, ABSOLUTE)

    Base Addr    Size         Type   Attr      Idx    E Section Name        Object

    0x20000000   0x00000003   Data   RW           77    .data               protocol.o
    0x20000003   0x00000001   Data   RW          148    .data               fire.o
    0x20000004   0x00000006   Data   RW          202    .data               briupzigbee.o
    0x2000000a   0x00000004   Data   RW          234    .data               briupdelay.o
    0x2000000e   0x00000006   Data   RW          284    .data               briupusart.o
    0x20000014   0x00000100   Zero   RW          201    .bss                briupzigbee.o
    0x20000114   0x00000100   Zero   RW          283    .bss                briupusart.o
    0x20000214   0x00000004   PAD
    0x20000218   0x00000400   Zero   RW          114    STACK               startup_stm32f10x_md.o


==============================================================================

Image component sizes


      Code (inc. data)   RO Data    RW Data    ZI Data      Debug   Object Name

       240         18          0          0          0       1043   baseperipheral.o
       160         16          0          4          0       1586   briupdelay.o
        96         20          0          0          0        456   briupgpio.o
       456         48          0          6        256       2843   briupusart.o
       668         62          0          6        256       3209   briupzigbee.o
       460         68          0          1          0       2665   fire.o
       380          8          0          0          0     209467   main.o
       132         22          0          0          0       1679   misc.o
       362         16          0          3          0       2847   protocol.o
        36          8        236          0       1024        936   startup_stm32f10x_md.o
       328         28          0          0          0       2249   system_stm32f10x.o

    ----------------------------------------------------------------------
      3320        314        268         20       1540     228980   Object Totals
         0          0         32          0          0          0   (incl. Generated)
         2          0          0          0          4          0   (incl. Padding)

    ----------------------------------------------------------------------

      Code (inc. data)   RO Data    RW Data    ZI Data      Debug   Library Member Name

         0          0          0          0          0          0   entry.o
         0          0          0          0          0          0   entry10a.o
         0          0          0          0          0          0   entry11a.o
         8          4          0          0          0          0   entry2.o
         4          0          0          0          0          0   entry5.o
         0          0          0          0          0          0   entry7b.o
         0          0          0          0          0          0   entry8b.o
         8          4          0          0          0          0   entry9a.o
        30          0          0          0          0          0   handlers.o
        36          8          0          0          0         68   init.o
         0          0          0          0          0          0   iusefp.o
        30          0          0          0          0         68   llshl.o
        36          0          0          0          0         68   llsshr.o
        32          0          0          0          0         68   llushr.o
        36          0          0          0          0         68   memcpya.o
        36          0          0          0          0        108   memseta.o
       334          0          0          0          0        148   dadd.o
       222          0          0          0          0        100   ddiv.o
       186          0          0          0          0        176   depilogue.o
        50          0          0          0          0         76   dfixui.o
        26          0          0          0          0         76   dfltui.o
       228          0          0          0          0         96   dmul.o

    ----------------------------------------------------------------------
      1304         16          0          0          0       1120   Library Totals
         2          0          0          0          0          0   (incl. Padding)

    ----------------------------------------------------------------------

      Code (inc. data)   RO Data    RW Data    ZI Data      Debug   Library Name

       256         16          0          0          0        448   mc_w.l
      1046          0          0          0          0        672   mf_w.l

    ----------------------------------------------------------------------
      1304         16          0          0          0       1120   Library Totals

    ----------------------------------------------------------------------

==============================================================================


      Code (inc. data)   RO Data    RW Data    ZI Data      Debug   

      4624        330        268         20       1540     228484   Grand Totals
      4624        330        268         20       1540     228484   ELF Image Totals
      4624        330        268         20          0          0   ROM Totals

==============================================================================

    Total RO  Size (Code + RO Data)                 4892 (   4.78kB)
    Total RW  Size (RW Data + ZI Data)              1560 (   1.52kB)
    Total ROM Size (Code + RO Data + RW Data)       4912 (   4.80kB)

==============================================================================

