Component: ARM Compiler 5.05 update 2 (build 169) Tool: armlink [4d0f33]

==============================================================================

Section Cross References

    main.o(i.fputc) refers to briupusart.o(i.putChar) for putChar
    main.o(i.main) refers to briupgpio.o(i.briupGPIOInit) for briupGPIOInit
    main.o(i.main) refers to briupusart.o(i.usart1Init) for usart1Init
    main.o(i.main) refers to briupzigbee.o(i.zigbeeInit) for zigbeeInit
    main.o(i.main) refers to briupdelay.o(i._delay_init) for _delay_init
    main.o(i.main) refers to briupi2c.o(i.IIC_Init) for IIC_Init
    main.o(i.main) refers to briupusart3.o(i.usart3Init) for usart3Init
    main.o(i.main) refers to baseperipheral.o(i.baseLedSet) for baseLedSet
    main.o(i.main) refers to pm2_5.o(i.pm25Value) for pm25Value
    main.o(i.main) refers to protocol.o(i.protocolSend) for protocolSend
    main.o(i.main) refers to briupdelay.o(i._delay_ms) for _delay_ms
    main.o(i.main) refers to sht20.o(i.SHT20_Measure) for SHT20_Measure
    main.o(i.main) refers to fmul.o(.text) for __aeabi_fmul
    main.o(i.main) refers to ffixui.o(.text) for __aeabi_f2uiz
    main.o(i.main) refers to briupdelay.o(i._delay_sec) for _delay_sec
    protocol.o(i.protocolCon) refers to briupzigbee.o(i.zigbeeGetData) for zigbeeGetData
    protocol.o(i.protocolCon) refers to briupusart.o(i.putBuffer) for putBuffer
    protocol.o(i.protocolCon) refers to memseta.o(.text) for __aeabi_memclr
    protocol.o(i.protocolCon) refers to memcpya.o(.text) for __aeabi_memcpy
    protocol.o(i.protocolCon) refers to protocol.o(i.cmdCheck) for cmdCheck
    protocol.o(i.protocolCon) refers to protocol.o(i.protocolSend) for protocolSend
    protocol.o(i.protocolCon) refers to briupusart.o(i.putChar) for putChar
    protocol.o(i.protocolCon) refers to protocol.o(.data) for addh
    protocol.o(i.protocolRes) refers to briupzigbee.o(i.zigbeeGetData) for zigbeeGetData
    protocol.o(i.protocolRes) refers to briupusart.o(i.putBuffer) for putBuffer
    protocol.o(i.protocolRes) refers to memseta.o(.text) for __aeabi_memclr
    protocol.o(i.protocolRes) refers to memcpya.o(.text) for __aeabi_memcpy
    protocol.o(i.protocolRes) refers to protocol.o(i.cmdCheck) for cmdCheck
    protocol.o(i.protocolRes) refers to protocol.o(i.protocolSend) for protocolSend
    protocol.o(i.protocolRes) refers to protocol.o(.data) for heart
    protocol.o(i.protocolSend) refers to briupzigbee.o(i.zigbeeSendBuf) for zigbeeSendBuf
    protocol.o(i.protocolSend) refers to protocol.o(.data) for addh
    startup_stm32f10x_md.o(RESET) refers to startup_stm32f10x_md.o(STACK) for __initial_sp
    startup_stm32f10x_md.o(RESET) refers to startup_stm32f10x_md.o(.text) for Reset_Handler
    startup_stm32f10x_md.o(RESET) refers to briupusart.o(i.USART1_IRQHandler) for USART1_IRQHandler
    startup_stm32f10x_md.o(RESET) refers to briupzigbee.o(i.USART2_IRQHandler) for USART2_IRQHandler
    startup_stm32f10x_md.o(RESET) refers to briupusart3.o(i.USART3_IRQHandler) for USART3_IRQHandler
    startup_stm32f10x_md.o(.text) refers to system_stm32f10x.o(i.SystemInit) for SystemInit
    startup_stm32f10x_md.o(.text) refers to entry.o(.ARM.Collect$$$$00000000) for __main
    pm2_5.o(i.pm25Value) refers to briupusart3.o(i.usart3GetBuffer) for usart3GetBuffer
    sht20.o(i.SHT20_Measure) refers to briupi2c.o(i.Single_Read_Len) for Single_Read_Len
    sht20.o(i.SHT20_Measure) refers to ffltui.o(.text) for __aeabi_ui2f
    sht20.o(i.SHT20_Measure) refers to f2d.o(.text) for __aeabi_f2d
    sht20.o(i.SHT20_Measure) refers to dmul.o(.text) for __aeabi_dmul
    sht20.o(i.SHT20_Measure) refers to dadd.o(.text) for __aeabi_dsub
    sht20.o(i.SHT20_Measure) refers to d2f.o(.text) for __aeabi_d2f
    sht20.o(i.SHT20_Original_HUM) refers to briupi2c.o(i.Single_Read_Len) for Single_Read_Len
    sht20.o(i.SHT20_Original_TEMP) refers to briupi2c.o(i.Single_Read_Len) for Single_Read_Len
    briupusart.o(i.USART1_IRQHandler) refers to briupusart.o(.bss) for Usart1Buf
    briupusart.o(i.USART1_IRQHandler) refers to briupusart.o(.data) for u1Tail
    briupusart.o(i.getBuffer) refers to briupusart.o(.data) for u1Count
    briupusart.o(i.getBuffer) refers to briupusart.o(.bss) for Usart1Buf
    briupusart.o(i.getStr) refers to briupusart.o(i.getChar) for getChar
    briupusart.o(i.putBuffer) refers to briupusart.o(i.putChar) for putChar
    briupusart.o(i.putStr) refers to briupusart.o(i.putChar) for putChar
    briupusart.o(i.usart1Init) refers to dfltui.o(.text) for __aeabi_ui2d
    briupusart.o(i.usart1Init) refers to dmul.o(.text) for __aeabi_dmul
    briupusart.o(i.usart1Init) refers to ddiv.o(.text) for __aeabi_ddiv
    briupusart.o(i.usart1Init) refers to dfixui.o(.text) for __aeabi_d2uiz
    briupusart.o(i.usart1Init) refers to dadd.o(.text) for __aeabi_drsub
    briupusart.o(i.usart1Init) refers to misc.o(i.NVIC_Init) for NVIC_Init
    briupdelay.o(i._delay_init) refers to briupdelay.o(.data) for frac_us
    briupdelay.o(i._delay_ms) refers to briupdelay.o(.data) for frac_ms
    briupdelay.o(i._delay_sec) refers to dmul.o(.text) for __aeabi_dmul
    briupdelay.o(i._delay_sec) refers to dfixui.o(.text) for __aeabi_d2uiz
    briupdelay.o(i._delay_sec) refers to briupdelay.o(i._delay_ms) for _delay_ms
    briupdelay.o(i._delay_us) refers to briupdelay.o(.data) for frac_us
    briupzigbee.o(i.USART2_IRQHandler) refers to briupzigbee.o(.bss) for zbBuffer
    briupzigbee.o(i.USART2_IRQHandler) refers to briupzigbee.o(.data) for zbTail
    briupzigbee.o(i.zigbeeGetData) refers to briupzigbee.o(.data) for zbCount
    briupzigbee.o(i.zigbeeGetData) refers to briupzigbee.o(.bss) for zbBuffer
    briupzigbee.o(i.zigbeeInit) refers to dfltui.o(.text) for __aeabi_ui2d
    briupzigbee.o(i.zigbeeInit) refers to dfixui.o(.text) for __aeabi_d2uiz
    briupzigbee.o(i.zigbeeInit) refers to dadd.o(.text) for __aeabi_drsub
    briupzigbee.o(i.zigbeeInit) refers to dmul.o(.text) for __aeabi_dmul
    briupzigbee.o(i.zigbeeInit) refers to misc.o(i.NVIC_Init) for NVIC_Init
    briupi2c.o(i.IIC_Ack) refers to briupdelay.o(i._delay_us) for _delay_us
    briupi2c.o(i.IIC_NAck) refers to briupdelay.o(i._delay_us) for _delay_us
    briupi2c.o(i.IIC_Read_Byte) refers to briupdelay.o(i._delay_us) for _delay_us
    briupi2c.o(i.IIC_Read_Byte) refers to briupi2c.o(i.IIC_NAck) for IIC_NAck
    briupi2c.o(i.IIC_Read_Byte) refers to briupi2c.o(i.IIC_Ack) for IIC_Ack
    briupi2c.o(i.IIC_Send_Byte) refers to briupdelay.o(i._delay_us) for _delay_us
    briupi2c.o(i.IIC_Start) refers to briupdelay.o(i._delay_us) for _delay_us
    briupi2c.o(i.IIC_Stop) refers to briupdelay.o(i._delay_us) for _delay_us
    briupi2c.o(i.IIC_Wait_Ack) refers to briupdelay.o(i._delay_us) for _delay_us
    briupi2c.o(i.Sing_Read_NR) refers to briupi2c.o(i.IIC_Start) for IIC_Start
    briupi2c.o(i.Sing_Read_NR) refers to briupi2c.o(i.IIC_Send_Byte) for IIC_Send_Byte
    briupi2c.o(i.Sing_Read_NR) refers to briupi2c.o(i.IIC_Stop) for IIC_Stop
    briupi2c.o(i.Sing_Read_NR) refers to briupi2c.o(i.IIC_Wait_Ack) for IIC_Wait_Ack
    briupi2c.o(i.Sing_Read_NR) refers to briupi2c.o(i.IIC_Read_Byte) for IIC_Read_Byte
    briupi2c.o(i.Sing_Read_NR) refers to briupdelay.o(i._delay_ms) for _delay_ms
    briupi2c.o(i.Sing_Write_ND) refers to briupi2c.o(i.IIC_Start) for IIC_Start
    briupi2c.o(i.Sing_Write_ND) refers to briupi2c.o(i.IIC_Send_Byte) for IIC_Send_Byte
    briupi2c.o(i.Sing_Write_ND) refers to briupi2c.o(i.IIC_Wait_Ack) for IIC_Wait_Ack
    briupi2c.o(i.Sing_Write_ND) refers to briupi2c.o(i.IIC_Stop) for IIC_Stop
    briupi2c.o(i.Sing_Write_ND) refers to briupdelay.o(i._delay_ms) for _delay_ms
    briupi2c.o(i.Single_Read) refers to briupi2c.o(i.IIC_Start) for IIC_Start
    briupi2c.o(i.Single_Read) refers to briupi2c.o(i.IIC_Send_Byte) for IIC_Send_Byte
    briupi2c.o(i.Single_Read) refers to briupi2c.o(i.IIC_Wait_Ack) for IIC_Wait_Ack
    briupi2c.o(i.Single_Read) refers to briupi2c.o(i.IIC_Stop) for IIC_Stop
    briupi2c.o(i.Single_Read) refers to briupi2c.o(i.IIC_Read_Byte) for IIC_Read_Byte
    briupi2c.o(i.Single_Read_Len) refers to briupi2c.o(i.IIC_Start) for IIC_Start
    briupi2c.o(i.Single_Read_Len) refers to briupi2c.o(i.IIC_Send_Byte) for IIC_Send_Byte
    briupi2c.o(i.Single_Read_Len) refers to briupi2c.o(i.IIC_Wait_Ack) for IIC_Wait_Ack
    briupi2c.o(i.Single_Read_Len) refers to briupi2c.o(i.IIC_Stop) for IIC_Stop
    briupi2c.o(i.Single_Read_Len) refers to briupdelay.o(i._delay_ms) for _delay_ms
    briupi2c.o(i.Single_Read_Len) refers to briupi2c.o(i.IIC_Read_Byte) for IIC_Read_Byte
    briupi2c.o(i.Single_Write) refers to briupi2c.o(i.IIC_Start) for IIC_Start
    briupi2c.o(i.Single_Write) refers to briupi2c.o(i.IIC_Send_Byte) for IIC_Send_Byte
    briupi2c.o(i.Single_Write) refers to briupi2c.o(i.IIC_Wait_Ack) for IIC_Wait_Ack
    briupi2c.o(i.Single_Write) refers to briupi2c.o(i.IIC_Stop) for IIC_Stop
    briupi2c.o(i.Single_Write) refers to briupdelay.o(i._delay_us) for _delay_us
    briupusart3.o(i.USART3_IRQHandler) refers to briupusart3.o(.bss) for usart3_buffer
    briupusart3.o(i.USART3_IRQHandler) refers to briupusart3.o(.data) for bufTail
    briupusart3.o(i.usart3GetBuffer) refers to briupusart3.o(.data) for bufCount
    briupusart3.o(i.usart3GetBuffer) refers to briupusart3.o(.bss) for usart3_buffer
    briupusart3.o(i.usart3Init) refers to dfltui.o(.text) for __aeabi_ui2d
    briupusart3.o(i.usart3Init) refers to dmul.o(.text) for __aeabi_dmul
    briupusart3.o(i.usart3Init) refers to ddiv.o(.text) for __aeabi_ddiv
    briupusart3.o(i.usart3Init) refers to dfixui.o(.text) for __aeabi_d2uiz
    briupusart3.o(i.usart3Init) refers to dadd.o(.text) for __aeabi_drsub
    briupusart3.o(i.usart3Init) refers to misc.o(i.NVIC_Init) for NVIC_Init
    system_stm32f10x.o(i.SetSysClock) refers to system_stm32f10x.o(i.SetSysClockTo72) for SetSysClockTo72
    system_stm32f10x.o(i.SystemCoreClockUpdate) refers to system_stm32f10x.o(.data) for SystemCoreClock
    system_stm32f10x.o(i.SystemInit) refers to system_stm32f10x.o(i.SetSysClock) for SetSysClock
    entry.o(.ARM.Collect$$$$00000000) refers (Special) to entry10a.o(.ARM.Collect$$$$0000000D) for __rt_final_cpp
    entry.o(.ARM.Collect$$$$00000000) refers (Special) to entry11a.o(.ARM.Collect$$$$0000000F) for __rt_final_exit
    entry.o(.ARM.Collect$$$$00000000) refers (Special) to entry7b.o(.ARM.Collect$$$$00000008) for _main_clock
    entry.o(.ARM.Collect$$$$00000000) refers (Special) to entry8b.o(.ARM.Collect$$$$0000000A) for _main_cpp_init
    entry.o(.ARM.Collect$$$$00000000) refers (Special) to entry9a.o(.ARM.Collect$$$$0000000B) for _main_init
    entry.o(.ARM.Collect$$$$00000000) refers (Special) to entry5.o(.ARM.Collect$$$$00000004) for _main_scatterload
    entry.o(.ARM.Collect$$$$00000000) refers (Special) to entry2.o(.ARM.Collect$$$$00000001) for _main_stk
    fmul.o(.text) refers (Special) to iusefp.o(.text) for __I$use$fp
    dadd.o(.text) refers (Special) to iusefp.o(.text) for __I$use$fp
    dadd.o(.text) refers to llshl.o(.text) for __aeabi_llsl
    dadd.o(.text) refers to llsshr.o(.text) for __aeabi_lasr
    dadd.o(.text) refers to depilogue.o(.text) for _double_epilogue
    dmul.o(.text) refers (Special) to iusefp.o(.text) for __I$use$fp
    dmul.o(.text) refers to depilogue.o(.text) for _double_epilogue
    ddiv.o(.text) refers (Special) to iusefp.o(.text) for __I$use$fp
    ddiv.o(.text) refers to depilogue.o(.text) for _double_round
    ffltui.o(.text) refers (Special) to iusefp.o(.text) for __I$use$fp
    ffltui.o(.text) refers to fepilogue.o(.text) for _float_epilogue
    dfltui.o(.text) refers (Special) to iusefp.o(.text) for __I$use$fp
    dfltui.o(.text) refers to depilogue.o(.text) for _double_epilogue
    ffixui.o(.text) refers (Special) to iusefp.o(.text) for __I$use$fp
    dfixui.o(.text) refers (Special) to iusefp.o(.text) for __I$use$fp
    dfixui.o(.text) refers to llushr.o(.text) for __aeabi_llsr
    f2d.o(.text) refers (Special) to iusefp.o(.text) for __I$use$fp
    d2f.o(.text) refers (Special) to iusefp.o(.text) for __I$use$fp
    d2f.o(.text) refers to fepilogue.o(.text) for _float_round
    entry2.o(.ARM.Collect$$$$00000001) refers to entry2.o(.ARM.Collect$$$$00002712) for __lit__00000000
    entry2.o(.ARM.Collect$$$$00002712) refers to startup_stm32f10x_md.o(STACK) for __initial_sp
    entry2.o(__vectab_stack_and_reset_area) refers to startup_stm32f10x_md.o(STACK) for __initial_sp
    entry2.o(__vectab_stack_and_reset_area) refers to entry.o(.ARM.Collect$$$$00000000) for __main
    entry5.o(.ARM.Collect$$$$00000004) refers to init.o(.text) for __scatterload
    entry9a.o(.ARM.Collect$$$$0000000B) refers to main.o(i.main) for main
    entry9b.o(.ARM.Collect$$$$0000000C) refers to main.o(i.main) for main
    depilogue.o(.text) refers to llshl.o(.text) for __aeabi_llsl
    depilogue.o(.text) refers to llushr.o(.text) for __aeabi_llsr
    init.o(.text) refers to entry5.o(.ARM.Collect$$$$00000004) for __main_after_scatterload


==============================================================================

Removing Unused input sections from the image.

    Removing main.o(i.fputc), (16 bytes).
    Removing protocol.o(i.cmdCheck), (50 bytes).
    Removing protocol.o(i.protocolCon), (180 bytes).
    Removing protocol.o(i.protocolRes), (152 bytes).
    Removing startup_stm32f10x_md.o(HEAP), (512 bytes).
    Removing baseperipheral.o(i.baseBeepSet), (36 bytes).
    Removing sht20.o(i.SHT20_Original_HUM), (58 bytes).
    Removing sht20.o(i.SHT20_Original_TEMP), (58 bytes).
    Removing briupusart.o(i.getBuffer), (100 bytes).
    Removing briupusart.o(i.getChar), (28 bytes).
    Removing briupusart.o(i.getStr), (32 bytes).
    Removing briupusart.o(i.putBuffer), (28 bytes).
    Removing briupusart.o(i.putChar), (28 bytes).
    Removing briupusart.o(i.putDataDma), (32 bytes).
    Removing briupusart.o(i.putStr), (22 bytes).
    Removing briupzigbee.o(i.zigbeeGetData), (232 bytes).
    Removing briupi2c.o(i.Sing_Read_NR), (86 bytes).
    Removing briupi2c.o(i.Sing_Write_ND), (54 bytes).
    Removing briupi2c.o(i.Single_Read), (72 bytes).
    Removing briupi2c.o(i.Single_Write), (76 bytes).
    Removing core_cm3.o(.emb_text), (32 bytes).
    Removing system_stm32f10x.o(i.SystemCoreClockUpdate), (164 bytes).
    Removing system_stm32f10x.o(.data), (20 bytes).
    Removing misc.o(i.NVIC_PriorityGroupConfig), (20 bytes).
    Removing misc.o(i.NVIC_SetVectorTable), (20 bytes).
    Removing misc.o(i.NVIC_SystemLPConfig), (32 bytes).
    Removing misc.o(i.SysTick_CLKSourceConfig), (40 bytes).

27 unused section(s) (total 2180 bytes) removed from the image.

==============================================================================

Image Symbol Table

    Local Symbols

    Symbol Name                              Value     Ov Type        Size  Object(Section)

    ../clib/microlib/init/entry.s            0x00000000   Number         0  entry7b.o ABSOLUTE
    ../clib/microlib/init/entry.s            0x00000000   Number         0  entry7a.o ABSOLUTE
    ../clib/microlib/init/entry.s            0x00000000   Number         0  entry5.o ABSOLUTE
    ../clib/microlib/init/entry.s            0x00000000   Number         0  entry2.o ABSOLUTE
    ../clib/microlib/init/entry.s            0x00000000   Number         0  entry8a.o ABSOLUTE
    ../clib/microlib/init/entry.s            0x00000000   Number         0  entry11b.o ABSOLUTE
    ../clib/microlib/init/entry.s            0x00000000   Number         0  entry10a.o ABSOLUTE
    ../clib/microlib/init/entry.s            0x00000000   Number         0  entry.o ABSOLUTE
    ../clib/microlib/init/entry.s            0x00000000   Number         0  entry11a.o ABSOLUTE
    ../clib/microlib/init/entry.s            0x00000000   Number         0  entry10b.o ABSOLUTE
    ../clib/microlib/init/entry.s            0x00000000   Number         0  entry9b.o ABSOLUTE
    ../clib/microlib/init/entry.s            0x00000000   Number         0  entry9a.o ABSOLUTE
    ../clib/microlib/init/entry.s            0x00000000   Number         0  entry8b.o ABSOLUTE
    ../clib/microlib/longlong.c              0x00000000   Number         0  llushr.o ABSOLUTE
    ../clib/microlib/longlong.c              0x00000000   Number         0  llshl.o ABSOLUTE
    ../clib/microlib/longlong.c              0x00000000   Number         0  llsshr.o ABSOLUTE
    ../clib/microlib/string/memcpy.c         0x00000000   Number         0  memcpyb.o ABSOLUTE
    ../clib/microlib/string/memcpy.c         0x00000000   Number         0  memcpya.o ABSOLUTE
    ../clib/microlib/string/memset.c         0x00000000   Number         0  memseta.o ABSOLUTE
    ../clib/microlib/stubs.s                 0x00000000   Number         0  iusefp.o ABSOLUTE
    ../fplib/microlib/d2f.c                  0x00000000   Number         0  d2f.o ABSOLUTE
    ../fplib/microlib/f2d.c                  0x00000000   Number         0  f2d.o ABSOLUTE
    ../fplib/microlib/fpadd.c                0x00000000   Number         0  dadd.o ABSOLUTE
    ../fplib/microlib/fpdiv.c                0x00000000   Number         0  ddiv.o ABSOLUTE
    ../fplib/microlib/fpepilogue.c           0x00000000   Number         0  fepilogue.o ABSOLUTE
    ../fplib/microlib/fpepilogue.c           0x00000000   Number         0  depilogue.o ABSOLUTE
    ../fplib/microlib/fpfix.c                0x00000000   Number         0  dfixui.o ABSOLUTE
    ../fplib/microlib/fpfix.c                0x00000000   Number         0  ffixui.o ABSOLUTE
    ../fplib/microlib/fpflt.c                0x00000000   Number         0  dfltui.o ABSOLUTE
    ../fplib/microlib/fpflt.c                0x00000000   Number         0  ffltui.o ABSOLUTE
    ../fplib/microlib/fpmul.c                0x00000000   Number         0  fmul.o ABSOLUTE
    ../fplib/microlib/fpmul.c                0x00000000   Number         0  dmul.o ABSOLUTE
    ..\Libraries\CMSIS\CM3\CoreSupport\core_cm3.c 0x00000000   Number         0  core_cm3.o ABSOLUTE
    ..\Libraries\CMSIS\CM3\DeviceSupport\ST\STM32F10x\startup\arm\startup_stm32f10x_md.s 0x00000000   Number         0  startup_stm32f10x_md.o ABSOLUTE
    ..\Libraries\CMSIS\CM3\DeviceSupport\ST\STM32F10x\system_stm32f10x.c 0x00000000   Number         0  system_stm32f10x.o ABSOLUTE
    ..\Libraries\STM32F10x_StdPeriph_Driver\src\misc.c 0x00000000   Number         0  misc.o ABSOLUTE
    ..\\Libraries\\CMSIS\\CM3\\CoreSupport\\core_cm3.c 0x00000000   Number         0  core_cm3.o ABSOLUTE
    ..\devices\src\basePeripheral.c          0x00000000   Number         0  baseperipheral.o ABSOLUTE
    ..\devices\src\pm2_5.c                   0x00000000   Number         0  pm2_5.o ABSOLUTE
    ..\devices\src\sht20.c                   0x00000000   Number         0  sht20.o ABSOLUTE
    ..\hardware\src\briupDelay.c             0x00000000   Number         0  briupdelay.o ABSOLUTE
    ..\hardware\src\briupGPIO.c              0x00000000   Number         0  briupgpio.o ABSOLUTE
    ..\hardware\src\briupI2C.c               0x00000000   Number         0  briupi2c.o ABSOLUTE
    ..\hardware\src\briupUSART.c             0x00000000   Number         0  briupusart.o ABSOLUTE
    ..\hardware\src\briupUsart3.c            0x00000000   Number         0  briupusart3.o ABSOLUTE
    ..\hardware\src\briupZigbee.c            0x00000000   Number         0  briupzigbee.o ABSOLUTE
    ..\user\main.c                           0x00000000   Number         0  main.o ABSOLUTE
    ..\user\protocol.c                       0x00000000   Number         0  protocol.o ABSOLUTE
    dc.s                                     0x00000000   Number         0  dc.o ABSOLUTE
    handlers.s                               0x00000000   Number         0  handlers.o ABSOLUTE
    init.s                                   0x00000000   Number         0  init.o ABSOLUTE
    RESET                                    0x08000000   Section      236  startup_stm32f10x_md.o(RESET)
    .ARM.Collect$$$$00000000                 0x080000ec   Section        0  entry.o(.ARM.Collect$$$$00000000)
    .ARM.Collect$$$$00000001                 0x080000ec   Section        4  entry2.o(.ARM.Collect$$$$00000001)
    .ARM.Collect$$$$00000004                 0x080000f0   Section        4  entry5.o(.ARM.Collect$$$$00000004)
    .ARM.Collect$$$$00000008                 0x080000f4   Section        0  entry7b.o(.ARM.Collect$$$$00000008)
    .ARM.Collect$$$$0000000A                 0x080000f4   Section        0  entry8b.o(.ARM.Collect$$$$0000000A)
    .ARM.Collect$$$$0000000B                 0x080000f4   Section        8  entry9a.o(.ARM.Collect$$$$0000000B)
    .ARM.Collect$$$$0000000D                 0x080000fc   Section        0  entry10a.o(.ARM.Collect$$$$0000000D)
    .ARM.Collect$$$$0000000F                 0x080000fc   Section        0  entry11a.o(.ARM.Collect$$$$0000000F)
    .ARM.Collect$$$$00002712                 0x080000fc   Section        4  entry2.o(.ARM.Collect$$$$00002712)
    __lit__00000000                          0x080000fc   Data           4  entry2.o(.ARM.Collect$$$$00002712)
    .text                                    0x08000100   Section       36  startup_stm32f10x_md.o(.text)
    .text                                    0x08000124   Section        0  fmul.o(.text)
    .text                                    0x08000188   Section        0  dadd.o(.text)
    .text                                    0x080002d6   Section        0  dmul.o(.text)
    .text                                    0x080003ba   Section        0  ddiv.o(.text)
    .text                                    0x08000498   Section        0  ffltui.o(.text)
    .text                                    0x080004a2   Section        0  dfltui.o(.text)
    .text                                    0x080004bc   Section        0  ffixui.o(.text)
    .text                                    0x080004e4   Section        0  dfixui.o(.text)
    .text                                    0x08000516   Section        0  f2d.o(.text)
    .text                                    0x0800053c   Section        0  d2f.o(.text)
    .text                                    0x08000574   Section        0  llshl.o(.text)
    .text                                    0x08000592   Section        0  llushr.o(.text)
    .text                                    0x080005b2   Section        0  llsshr.o(.text)
    .text                                    0x080005d6   Section        0  iusefp.o(.text)
    .text                                    0x080005d6   Section        0  fepilogue.o(.text)
    .text                                    0x08000644   Section        0  depilogue.o(.text)
    .text                                    0x08000700   Section       36  init.o(.text)
    i.IIC_Ack                                0x08000724   Section        0  briupi2c.o(i.IIC_Ack)
    i.IIC_Init                               0x08000784   Section        0  briupi2c.o(i.IIC_Init)
    i.IIC_NAck                               0x080007cc   Section        0  briupi2c.o(i.IIC_NAck)
    i.IIC_Read_Byte                          0x0800082c   Section        0  briupi2c.o(i.IIC_Read_Byte)
    i.IIC_Send_Byte                          0x080008a8   Section        0  briupi2c.o(i.IIC_Send_Byte)
    i.IIC_Start                              0x08000940   Section        0  briupi2c.o(i.IIC_Start)
    i.IIC_Stop                               0x080009a4   Section        0  briupi2c.o(i.IIC_Stop)
    i.IIC_Wait_Ack                           0x08000a10   Section        0  briupi2c.o(i.IIC_Wait_Ack)
    i.NVIC_Init                              0x08000a8c   Section        0  misc.o(i.NVIC_Init)
    i.SHT20_Measure                          0x08000afc   Section        0  sht20.o(i.SHT20_Measure)
    i.SetSysClock                            0x08000bd4   Section        0  system_stm32f10x.o(i.SetSysClock)
    SetSysClock                              0x08000bd5   Thumb Code     8  system_stm32f10x.o(i.SetSysClock)
    i.SetSysClockTo72                        0x08000bdc   Section        0  system_stm32f10x.o(i.SetSysClockTo72)
    SetSysClockTo72                          0x08000bdd   Thumb Code   214  system_stm32f10x.o(i.SetSysClockTo72)
    i.Single_Read_Len                        0x08000cbc   Section        0  briupi2c.o(i.Single_Read_Len)
    i.SystemInit                             0x08000d2c   Section        0  system_stm32f10x.o(i.SystemInit)
    i.USART1_IRQHandler                      0x08000d8c   Section        0  briupusart.o(i.USART1_IRQHandler)
    i.USART2_IRQHandler                      0x08000ddc   Section        0  briupzigbee.o(i.USART2_IRQHandler)
    i.USART3_IRQHandler                      0x08000e30   Section        0  briupusart3.o(i.USART3_IRQHandler)
    i.__scatterload_copy                     0x08000e84   Section       14  handlers.o(i.__scatterload_copy)
    i.__scatterload_null                     0x08000e92   Section        2  handlers.o(i.__scatterload_null)
    i.__scatterload_zeroinit                 0x08000e94   Section       14  handlers.o(i.__scatterload_zeroinit)
    i._delay_init                            0x08000ea4   Section        0  briupdelay.o(i._delay_init)
    i._delay_ms                              0x08000ed8   Section        0  briupdelay.o(i._delay_ms)
    i._delay_sec                             0x08000f44   Section        0  briupdelay.o(i._delay_sec)
    i._delay_us                              0x08000f84   Section        0  briupdelay.o(i._delay_us)
    i.baseLedSet                             0x08000fe4   Section        0  baseperipheral.o(i.baseLedSet)
    i.briupGPIOInit                          0x080010b0   Section        0  briupgpio.o(i.briupGPIOInit)
    i.main                                   0x08001110   Section        0  main.o(i.main)
    i.pm25Value                              0x080011e8   Section        0  pm2_5.o(i.pm25Value)
    i.protocolSend                           0x0800120c   Section        0  protocol.o(i.protocolSend)
    i.usart1Init                             0x080012ac   Section        0  briupusart.o(i.usart1Init)
    i.usart3GetBuffer                        0x080013ec   Section        0  briupusart3.o(i.usart3GetBuffer)
    i.usart3Init                             0x08001448   Section        0  briupusart3.o(i.usart3Init)
    i.zigbeeInit                             0x08001544   Section        0  briupzigbee.o(i.zigbeeInit)
    i.zigbeeSendBuf                          0x08001678   Section        0  briupzigbee.o(i.zigbeeSendBuf)
    .data                                    0x20000000   Section        3  protocol.o(.data)
    .data                                    0x20000004   Section        6  briupusart.o(.data)
    u1Head                                   0x20000004   Data           2  briupusart.o(.data)
    u1Tail                                   0x20000006   Data           2  briupusart.o(.data)
    u1Count                                  0x20000008   Data           2  briupusart.o(.data)
    .data                                    0x2000000a   Section        4  briupdelay.o(.data)
    frac_us                                  0x2000000a   Data           2  briupdelay.o(.data)
    frac_ms                                  0x2000000c   Data           2  briupdelay.o(.data)
    .data                                    0x2000000e   Section        6  briupzigbee.o(.data)
    zbHead                                   0x2000000e   Data           2  briupzigbee.o(.data)
    zbTail                                   0x20000010   Data           2  briupzigbee.o(.data)
    zbCount                                  0x20000012   Data           2  briupzigbee.o(.data)
    .data                                    0x20000014   Section        6  briupusart3.o(.data)
    bufHead                                  0x20000014   Data           2  briupusart3.o(.data)
    bufTail                                  0x20000016   Data           2  briupusart3.o(.data)
    bufCount                                 0x20000018   Data           2  briupusart3.o(.data)
    .bss                                     0x2000001c   Section      256  briupusart.o(.bss)
    Usart1Buf                                0x2000001c   Data         256  briupusart.o(.bss)
    .bss                                     0x2000011c   Section      256  briupzigbee.o(.bss)
    zbBuffer                                 0x2000011c   Data         256  briupzigbee.o(.bss)
    .bss                                     0x2000021c   Section      256  briupusart3.o(.bss)
    usart3_buffer                            0x2000021c   Data         256  briupusart3.o(.bss)
    STACK                                    0x20000320   Section     1024  startup_stm32f10x_md.o(STACK)

    Global Symbols

    Symbol Name                              Value     Ov Type        Size  Object(Section)

    BuildAttributes$$THM_ISAv4$P$D$K$B$S$PE$A:L22UL41UL21$X:L11$S22US41US21$IEEE1$IW$USESV6$~STKCKD$USESV7$~SHL$OTIME$ROPI$EBA8$MICROLIB$REQ8$PRES8$EABIv2 0x00000000   Number         0  anon$$obj.o ABSOLUTE
    __ARM_use_no_argv                        0x00000000   Number         0  main.o ABSOLUTE
    __cpp_initialize__aeabi_                  - Undefined Weak Reference
    __cxa_finalize                            - Undefined Weak Reference
    __decompress                              - Undefined Weak Reference
    _clock_init                               - Undefined Weak Reference
    _microlib_exit                            - Undefined Weak Reference
    __Vectors_Size                           0x000000ec   Number         0  startup_stm32f10x_md.o ABSOLUTE
    __Vectors                                0x08000000   Data           4  startup_stm32f10x_md.o(RESET)
    __Vectors_End                            0x080000ec   Data           0  startup_stm32f10x_md.o(RESET)
    __main                                   0x080000ed   Thumb Code     0  entry.o(.ARM.Collect$$$$00000000)
    _main_stk                                0x080000ed   Thumb Code     0  entry2.o(.ARM.Collect$$$$00000001)
    _main_scatterload                        0x080000f1   Thumb Code     0  entry5.o(.ARM.Collect$$$$00000004)
    __main_after_scatterload                 0x080000f5   Thumb Code     0  entry5.o(.ARM.Collect$$$$00000004)
    _main_clock                              0x080000f5   Thumb Code     0  entry7b.o(.ARM.Collect$$$$00000008)
    _main_cpp_init                           0x080000f5   Thumb Code     0  entry8b.o(.ARM.Collect$$$$0000000A)
    _main_init                               0x080000f5   Thumb Code     0  entry9a.o(.ARM.Collect$$$$0000000B)
    __rt_final_cpp                           0x080000fd   Thumb Code     0  entry10a.o(.ARM.Collect$$$$0000000D)
    __rt_final_exit                          0x080000fd   Thumb Code     0  entry11a.o(.ARM.Collect$$$$0000000F)
    Reset_Handler                            0x08000101   Thumb Code     8  startup_stm32f10x_md.o(.text)
    NMI_Handler                              0x08000109   Thumb Code     2  startup_stm32f10x_md.o(.text)
    HardFault_Handler                        0x0800010b   Thumb Code     2  startup_stm32f10x_md.o(.text)
    MemManage_Handler                        0x0800010d   Thumb Code     2  startup_stm32f10x_md.o(.text)
    BusFault_Handler                         0x0800010f   Thumb Code     2  startup_stm32f10x_md.o(.text)
    UsageFault_Handler                       0x08000111   Thumb Code     2  startup_stm32f10x_md.o(.text)
    SVC_Handler                              0x08000113   Thumb Code     2  startup_stm32f10x_md.o(.text)
    DebugMon_Handler                         0x08000115   Thumb Code     2  startup_stm32f10x_md.o(.text)
    PendSV_Handler                           0x08000117   Thumb Code     2  startup_stm32f10x_md.o(.text)
    SysTick_Handler                          0x08000119   Thumb Code     2  startup_stm32f10x_md.o(.text)
    ADC1_2_IRQHandler                        0x0800011b   Thumb Code     0  startup_stm32f10x_md.o(.text)
    CAN1_RX1_IRQHandler                      0x0800011b   Thumb Code     0  startup_stm32f10x_md.o(.text)
    CAN1_SCE_IRQHandler                      0x0800011b   Thumb Code     0  startup_stm32f10x_md.o(.text)
    DMA1_Channel1_IRQHandler                 0x0800011b   Thumb Code     0  startup_stm32f10x_md.o(.text)
    DMA1_Channel2_IRQHandler                 0x0800011b   Thumb Code     0  startup_stm32f10x_md.o(.text)
    DMA1_Channel3_IRQHandler                 0x0800011b   Thumb Code     0  startup_stm32f10x_md.o(.text)
    DMA1_Channel4_IRQHandler                 0x0800011b   Thumb Code     0  startup_stm32f10x_md.o(.text)
    DMA1_Channel5_IRQHandler                 0x0800011b   Thumb Code     0  startup_stm32f10x_md.o(.text)
    DMA1_Channel6_IRQHandler                 0x0800011b   Thumb Code     0  startup_stm32f10x_md.o(.text)
    DMA1_Channel7_IRQHandler                 0x0800011b   Thumb Code     0  startup_stm32f10x_md.o(.text)
    EXTI0_IRQHandler                         0x0800011b   Thumb Code     0  startup_stm32f10x_md.o(.text)
    EXTI15_10_IRQHandler                     0x0800011b   Thumb Code     0  startup_stm32f10x_md.o(.text)
    EXTI1_IRQHandler                         0x0800011b   Thumb Code     0  startup_stm32f10x_md.o(.text)
    EXTI2_IRQHandler                         0x0800011b   Thumb Code     0  startup_stm32f10x_md.o(.text)
    EXTI3_IRQHandler                         0x0800011b   Thumb Code     0  startup_stm32f10x_md.o(.text)
    EXTI4_IRQHandler                         0x0800011b   Thumb Code     0  startup_stm32f10x_md.o(.text)
    EXTI9_5_IRQHandler                       0x0800011b   Thumb Code     0  startup_stm32f10x_md.o(.text)
    FLASH_IRQHandler                         0x0800011b   Thumb Code     0  startup_stm32f10x_md.o(.text)
    I2C1_ER_IRQHandler                       0x0800011b   Thumb Code     0  startup_stm32f10x_md.o(.text)
    I2C1_EV_IRQHandler                       0x0800011b   Thumb Code     0  startup_stm32f10x_md.o(.text)
    I2C2_ER_IRQHandler                       0x0800011b   Thumb Code     0  startup_stm32f10x_md.o(.text)
    I2C2_EV_IRQHandler                       0x0800011b   Thumb Code     0  startup_stm32f10x_md.o(.text)
    PVD_IRQHandler                           0x0800011b   Thumb Code     0  startup_stm32f10x_md.o(.text)
    RCC_IRQHandler                           0x0800011b   Thumb Code     0  startup_stm32f10x_md.o(.text)
    RTCAlarm_IRQHandler                      0x0800011b   Thumb Code     0  startup_stm32f10x_md.o(.text)
    RTC_IRQHandler                           0x0800011b   Thumb Code     0  startup_stm32f10x_md.o(.text)
    SPI1_IRQHandler                          0x0800011b   Thumb Code     0  startup_stm32f10x_md.o(.text)
    SPI2_IRQHandler                          0x0800011b   Thumb Code     0  startup_stm32f10x_md.o(.text)
    TAMPER_IRQHandler                        0x0800011b   Thumb Code     0  startup_stm32f10x_md.o(.text)
    TIM1_BRK_IRQHandler                      0x0800011b   Thumb Code     0  startup_stm32f10x_md.o(.text)
    TIM1_CC_IRQHandler                       0x0800011b   Thumb Code     0  startup_stm32f10x_md.o(.text)
    TIM1_TRG_COM_IRQHandler                  0x0800011b   Thumb Code     0  startup_stm32f10x_md.o(.text)
    TIM1_UP_IRQHandler                       0x0800011b   Thumb Code     0  startup_stm32f10x_md.o(.text)
    TIM2_IRQHandler                          0x0800011b   Thumb Code     0  startup_stm32f10x_md.o(.text)
    TIM3_IRQHandler                          0x0800011b   Thumb Code     0  startup_stm32f10x_md.o(.text)
    TIM4_IRQHandler                          0x0800011b   Thumb Code     0  startup_stm32f10x_md.o(.text)
    USBWakeUp_IRQHandler                     0x0800011b   Thumb Code     0  startup_stm32f10x_md.o(.text)
    USB_HP_CAN1_TX_IRQHandler                0x0800011b   Thumb Code     0  startup_stm32f10x_md.o(.text)
    USB_LP_CAN1_RX0_IRQHandler               0x0800011b   Thumb Code     0  startup_stm32f10x_md.o(.text)
    WWDG_IRQHandler                          0x0800011b   Thumb Code     0  startup_stm32f10x_md.o(.text)
    __aeabi_fmul                             0x08000125   Thumb Code   100  fmul.o(.text)
    __aeabi_dadd                             0x08000189   Thumb Code   322  dadd.o(.text)
    __aeabi_dsub                             0x080002cb   Thumb Code     6  dadd.o(.text)
    __aeabi_drsub                            0x080002d1   Thumb Code     6  dadd.o(.text)
    __aeabi_dmul                             0x080002d7   Thumb Code   228  dmul.o(.text)
    __aeabi_ddiv                             0x080003bb   Thumb Code   222  ddiv.o(.text)
    __aeabi_ui2f                             0x08000499   Thumb Code    10  ffltui.o(.text)
    __aeabi_ui2d                             0x080004a3   Thumb Code    26  dfltui.o(.text)
    __aeabi_f2uiz                            0x080004bd   Thumb Code    40  ffixui.o(.text)
    __aeabi_d2uiz                            0x080004e5   Thumb Code    50  dfixui.o(.text)
    __aeabi_f2d                              0x08000517   Thumb Code    38  f2d.o(.text)
    __aeabi_d2f                              0x0800053d   Thumb Code    56  d2f.o(.text)
    __aeabi_llsl                             0x08000575   Thumb Code    30  llshl.o(.text)
    _ll_shift_l                              0x08000575   Thumb Code     0  llshl.o(.text)
    __aeabi_llsr                             0x08000593   Thumb Code    32  llushr.o(.text)
    _ll_ushift_r                             0x08000593   Thumb Code     0  llushr.o(.text)
    __aeabi_lasr                             0x080005b3   Thumb Code    36  llsshr.o(.text)
    _ll_sshift_r                             0x080005b3   Thumb Code     0  llsshr.o(.text)
    __I$use$fp                               0x080005d7   Thumb Code     0  iusefp.o(.text)
    _float_round                             0x080005d7   Thumb Code    18  fepilogue.o(.text)
    _float_epilogue                          0x080005e9   Thumb Code    92  fepilogue.o(.text)
    _double_round                            0x08000645   Thumb Code    30  depilogue.o(.text)
    _double_epilogue                         0x08000663   Thumb Code   156  depilogue.o(.text)
    __scatterload                            0x08000701   Thumb Code    28  init.o(.text)
    __scatterload_rt2                        0x08000701   Thumb Code     0  init.o(.text)
    IIC_Ack                                  0x08000725   Thumb Code    90  briupi2c.o(i.IIC_Ack)
    IIC_Init                                 0x08000785   Thumb Code    62  briupi2c.o(i.IIC_Init)
    IIC_NAck                                 0x080007cd   Thumb Code    90  briupi2c.o(i.IIC_NAck)
    IIC_Read_Byte                            0x0800082d   Thumb Code   118  briupi2c.o(i.IIC_Read_Byte)
    IIC_Send_Byte                            0x080008a9   Thumb Code   148  briupi2c.o(i.IIC_Send_Byte)
    IIC_Start                                0x08000941   Thumb Code    96  briupi2c.o(i.IIC_Start)
    IIC_Stop                                 0x080009a5   Thumb Code   102  briupi2c.o(i.IIC_Stop)
    IIC_Wait_Ack                             0x08000a11   Thumb Code   118  briupi2c.o(i.IIC_Wait_Ack)
    NVIC_Init                                0x08000a8d   Thumb Code   100  misc.o(i.NVIC_Init)
    SHT20_Measure                            0x08000afd   Thumb Code   188  sht20.o(i.SHT20_Measure)
    Single_Read_Len                          0x08000cbd   Thumb Code   112  briupi2c.o(i.Single_Read_Len)
    SystemInit                               0x08000d2d   Thumb Code    78  system_stm32f10x.o(i.SystemInit)
    USART1_IRQHandler                        0x08000d8d   Thumb Code    64  briupusart.o(i.USART1_IRQHandler)
    USART2_IRQHandler                        0x08000ddd   Thumb Code    66  briupzigbee.o(i.USART2_IRQHandler)
    USART3_IRQHandler                        0x08000e31   Thumb Code    68  briupusart3.o(i.USART3_IRQHandler)
    __scatterload_copy                       0x08000e85   Thumb Code    14  handlers.o(i.__scatterload_copy)
    __scatterload_null                       0x08000e93   Thumb Code     2  handlers.o(i.__scatterload_null)
    __scatterload_zeroinit                   0x08000e95   Thumb Code    14  handlers.o(i.__scatterload_zeroinit)
    _delay_init                              0x08000ea5   Thumb Code    42  briupdelay.o(i._delay_init)
    _delay_ms                                0x08000ed9   Thumb Code   102  briupdelay.o(i._delay_ms)
    _delay_sec                               0x08000f45   Thumb Code    58  briupdelay.o(i._delay_sec)
    _delay_us                                0x08000f85   Thumb Code    92  briupdelay.o(i._delay_us)
    baseLedSet                               0x08000fe5   Thumb Code   200  baseperipheral.o(i.baseLedSet)
    briupGPIOInit                            0x080010b1   Thumb Code    76  briupgpio.o(i.briupGPIOInit)
    main                                     0x08001111   Thumb Code   202  main.o(i.main)
    pm25Value                                0x080011e9   Thumb Code    34  pm2_5.o(i.pm25Value)
    protocolSend                             0x0800120d   Thumb Code   150  protocol.o(i.protocolSend)
    usart1Init                               0x080012ad   Thumb Code   294  briupusart.o(i.usart1Init)
    usart3GetBuffer                          0x080013ed   Thumb Code    78  briupusart3.o(i.usart3GetBuffer)
    usart3Init                               0x08001449   Thumb Code   230  briupusart3.o(i.usart3Init)
    zigbeeInit                               0x08001545   Thumb Code   284  briupzigbee.o(i.zigbeeInit)
    zigbeeSendBuf                            0x08001679   Thumb Code    40  briupzigbee.o(i.zigbeeSendBuf)
    Region$$Table$$Base                      0x080016a4   Number         0  anon$$obj.o(Region$$Table)
    Region$$Table$$Limit                     0x080016c4   Number         0  anon$$obj.o(Region$$Table)
    heart                                    0x20000000   Data           1  protocol.o(.data)
    addh                                     0x20000001   Data           1  protocol.o(.data)
    addl                                     0x20000002   Data           1  protocol.o(.data)
    __initial_sp                             0x20000720   Data           0  startup_stm32f10x_md.o(STACK)



==============================================================================

Memory Map of the image

  Image Entry point : 0x080000ed

  Load Region LR_IROM1 (Base: 0x08000000, Size: 0x000016e0, Max: 0x00010000, ABSOLUTE)

    Execution Region ER_IROM1 (Base: 0x08000000, Size: 0x000016c4, Max: 0x00010000, ABSOLUTE)

    Base Addr    Size         Type   Attr      Idx    E Section Name        Object

    0x08000000   0x000000ec   Data   RO          124    RESET               startup_stm32f10x_md.o
    0x080000ec   0x00000000   Code   RO          515  * .ARM.Collect$$$$00000000  mc_w.l(entry.o)
    0x080000ec   0x00000004   Code   RO          544    .ARM.Collect$$$$00000001  mc_w.l(entry2.o)
    0x080000f0   0x00000004   Code   RO          547    .ARM.Collect$$$$00000004  mc_w.l(entry5.o)
    0x080000f4   0x00000000   Code   RO          549    .ARM.Collect$$$$00000008  mc_w.l(entry7b.o)
    0x080000f4   0x00000000   Code   RO          551    .ARM.Collect$$$$0000000A  mc_w.l(entry8b.o)
    0x080000f4   0x00000008   Code   RO          552    .ARM.Collect$$$$0000000B  mc_w.l(entry9a.o)
    0x080000fc   0x00000000   Code   RO          554    .ARM.Collect$$$$0000000D  mc_w.l(entry10a.o)
    0x080000fc   0x00000000   Code   RO          556    .ARM.Collect$$$$0000000F  mc_w.l(entry11a.o)
    0x080000fc   0x00000004   Code   RO          545    .ARM.Collect$$$$00002712  mc_w.l(entry2.o)
    0x08000100   0x00000024   Code   RO          125    .text               startup_stm32f10x_md.o
    0x08000124   0x00000064   Code   RO          524    .text               mf_w.l(fmul.o)
    0x08000188   0x0000014e   Code   RO          526    .text               mf_w.l(dadd.o)
    0x080002d6   0x000000e4   Code   RO          528    .text               mf_w.l(dmul.o)
    0x080003ba   0x000000de   Code   RO          530    .text               mf_w.l(ddiv.o)
    0x08000498   0x0000000a   Code   RO          532    .text               mf_w.l(ffltui.o)
    0x080004a2   0x0000001a   Code   RO          534    .text               mf_w.l(dfltui.o)
    0x080004bc   0x00000028   Code   RO          536    .text               mf_w.l(ffixui.o)
    0x080004e4   0x00000032   Code   RO          538    .text               mf_w.l(dfixui.o)
    0x08000516   0x00000026   Code   RO          540    .text               mf_w.l(f2d.o)
    0x0800053c   0x00000038   Code   RO          542    .text               mf_w.l(d2f.o)
    0x08000574   0x0000001e   Code   RO          558    .text               mc_w.l(llshl.o)
    0x08000592   0x00000020   Code   RO          560    .text               mc_w.l(llushr.o)
    0x080005b2   0x00000024   Code   RO          562    .text               mc_w.l(llsshr.o)
    0x080005d6   0x00000000   Code   RO          564    .text               mc_w.l(iusefp.o)
    0x080005d6   0x0000006e   Code   RO          565    .text               mf_w.l(fepilogue.o)
    0x08000644   0x000000ba   Code   RO          567    .text               mf_w.l(depilogue.o)
    0x080006fe   0x00000002   PAD
    0x08000700   0x00000024   Code   RO          569    .text               mc_w.l(init.o)
    0x08000724   0x00000060   Code   RO          324    i.IIC_Ack           briupi2c.o
    0x08000784   0x00000048   Code   RO          325    i.IIC_Init          briupi2c.o
    0x080007cc   0x00000060   Code   RO          326    i.IIC_NAck          briupi2c.o
    0x0800082c   0x0000007c   Code   RO          327    i.IIC_Read_Byte     briupi2c.o
    0x080008a8   0x00000098   Code   RO          328    i.IIC_Send_Byte     briupi2c.o
    0x08000940   0x00000064   Code   RO          329    i.IIC_Start         briupi2c.o
    0x080009a4   0x0000006c   Code   RO          330    i.IIC_Stop          briupi2c.o
    0x08000a10   0x0000007c   Code   RO          331    i.IIC_Wait_Ack      briupi2c.o
    0x08000a8c   0x00000070   Code   RO          479    i.NVIC_Init         misc.o
    0x08000afc   0x000000d8   Code   RO          160    i.SHT20_Measure     sht20.o
    0x08000bd4   0x00000008   Code   RO          445    i.SetSysClock       system_stm32f10x.o
    0x08000bdc   0x000000e0   Code   RO          446    i.SetSysClockTo72   system_stm32f10x.o
    0x08000cbc   0x00000070   Code   RO          335    i.Single_Read_Len   briupi2c.o
    0x08000d2c   0x00000060   Code   RO          448    i.SystemInit        system_stm32f10x.o
    0x08000d8c   0x00000050   Code   RO          184    i.USART1_IRQHandler  briupusart.o
    0x08000ddc   0x00000054   Code   RO          291    i.USART2_IRQHandler  briupzigbee.o
    0x08000e30   0x00000054   Code   RO          408    i.USART3_IRQHandler  briupusart3.o
    0x08000e84   0x0000000e   Code   RO          573    i.__scatterload_copy  mc_w.l(handlers.o)
    0x08000e92   0x00000002   Code   RO          574    i.__scatterload_null  mc_w.l(handlers.o)
    0x08000e94   0x0000000e   Code   RO          575    i.__scatterload_zeroinit  mc_w.l(handlers.o)
    0x08000ea2   0x00000002   PAD
    0x08000ea4   0x00000034   Code   RO          247    i._delay_init       briupdelay.o
    0x08000ed8   0x0000006c   Code   RO          248    i._delay_ms         briupdelay.o
    0x08000f44   0x00000040   Code   RO          249    i._delay_sec        briupdelay.o
    0x08000f84   0x00000060   Code   RO          250    i._delay_us         briupdelay.o
    0x08000fe4   0x000000cc   Code   RO          131    i.baseLedSet        baseperipheral.o
    0x080010b0   0x00000060   Code   RO          279    i.briupGPIOInit     briupgpio.o
    0x08001110   0x000000d8   Code   RO            2    i.main              main.o
    0x080011e8   0x00000022   Code   RO          148    i.pm25Value         pm2_5.o
    0x0800120a   0x00000002   PAD
    0x0800120c   0x000000a0   Code   RO           84    i.protocolSend      protocol.o
    0x080012ac   0x00000140   Code   RO          192    i.usart1Init        briupusart.o
    0x080013ec   0x0000005c   Code   RO          409    i.usart3GetBuffer   briupusart3.o
    0x08001448   0x000000fc   Code   RO          410    i.usart3Init        briupusart3.o
    0x08001544   0x00000134   Code   RO          293    i.zigbeeInit        briupzigbee.o
    0x08001678   0x0000002c   Code   RO          294    i.zigbeeSendBuf     briupzigbee.o
    0x080016a4   0x00000020   Data   RO          571    Region$$Table       anon$$obj.o


    Execution Region RW_IRAM1 (Base: 0x20000000, Size: 0x00000720, Max: 0x00005000, ABSOLUTE)

    Base Addr    Size         Type   Attr      Idx    E Section Name        Object

    0x20000000   0x00000003   Data   RW           85    .data               protocol.o
    0x20000003   0x00000001   PAD
    0x20000004   0x00000006   Data   RW          194    .data               briupusart.o
    0x2000000a   0x00000004   Data   RW          251    .data               briupdelay.o
    0x2000000e   0x00000006   Data   RW          296    .data               briupzigbee.o
    0x20000014   0x00000006   Data   RW          412    .data               briupusart3.o
    0x2000001a   0x00000002   PAD
    0x2000001c   0x00000100   Zero   RW          193    .bss                briupusart.o
    0x2000011c   0x00000100   Zero   RW          295    .bss                briupzigbee.o
    0x2000021c   0x00000100   Zero   RW          411    .bss                briupusart3.o
    0x2000031c   0x00000004   PAD
    0x20000320   0x00000400   Zero   RW          122    STACK               startup_stm32f10x_md.o


==============================================================================

Image component sizes


      Code (inc. data)   RO Data    RW Data    ZI Data      Debug   Object Name

       204         12          0          0          0        561   baseperipheral.o
       320         26          0          4          0       2687   briupdelay.o
        96         20          0          0          0        456   briupgpio.o
       984         48          0          0          0       5332   briupi2c.o
       400         42          0          6        256       1813   briupusart.o
       428         52          0          6        256       2519   briupusart3.o
       436         46          0          6        256       2337   briupzigbee.o
       216         14          0          0          0     209467   main.o
       112         12          0          0          0       1124   misc.o
        34          0          0          0          0        572   pm2_5.o
       160         10          0          3          0       1453   protocol.o
       216         28          0          0          0        732   sht20.o
        36          8        236          0       1024        936   startup_stm32f10x_md.o
       328         28          0          0          0       2249   system_stm32f10x.o

    ----------------------------------------------------------------------
      3972        346        268         28       1796     232238   Object Totals
         0          0         32          0          0          0   (incl. Generated)
         2          0          0          3          4          0   (incl. Padding)

    ----------------------------------------------------------------------

      Code (inc. data)   RO Data    RW Data    ZI Data      Debug   Library Member Name

         0          0          0          0          0          0   entry.o
         0          0          0          0          0          0   entry10a.o
         0          0          0          0          0          0   entry11a.o
         8          4          0          0          0          0   entry2.o
         4          0          0          0          0          0   entry5.o
         0          0          0          0          0          0   entry7b.o
         0          0          0          0          0          0   entry8b.o
         8          4          0          0          0          0   entry9a.o
        30          0          0          0          0          0   handlers.o
        36          8          0          0          0         68   init.o
         0          0          0          0          0          0   iusefp.o
        30          0          0          0          0         68   llshl.o
        36          0          0          0          0         68   llsshr.o
        32          0          0          0          0         68   llushr.o
        56          0          0          0          0         88   d2f.o
       334          0          0          0          0        148   dadd.o
       222          0          0          0          0        100   ddiv.o
       186          0          0          0          0        176   depilogue.o
        50          0          0          0          0         76   dfixui.o
        26          0          0          0          0         76   dfltui.o
       228          0          0          0          0         96   dmul.o
        38          0          0          0          0         68   f2d.o
       110          0          0          0          0        168   fepilogue.o
        40          0          0          0          0         68   ffixui.o
        10          0          0          0          0         68   ffltui.o
       100          0          0          0          0         76   fmul.o

    ----------------------------------------------------------------------
      1588         16          0          0          0       1480   Library Totals
         4          0          0          0          0          0   (incl. Padding)

    ----------------------------------------------------------------------

      Code (inc. data)   RO Data    RW Data    ZI Data      Debug   Library Name

       184         16          0          0          0        272   mc_w.l
      1400          0          0          0          0       1208   mf_w.l

    ----------------------------------------------------------------------
      1588         16          0          0          0       1480   Library Totals

    ----------------------------------------------------------------------

==============================================================================


      Code (inc. data)   RO Data    RW Data    ZI Data      Debug   

      5560        362        268         28       1796     231686   Grand Totals
      5560        362        268         28       1796     231686   ELF Image Totals
      5560        362        268         28          0          0   ROM Totals

==============================================================================

    Total RO  Size (Code + RO Data)                 5828 (   5.69kB)
    Total RW  Size (RW Data + ZI Data)              1824 (   1.78kB)
    Total ROM Size (Code + RO Data + RW Data)       5856 (   5.72kB)

==============================================================================

