Component: ARM Compiler 5.05 update 2 (build 169) Tool: armlink [4d0f33]

==============================================================================

Section Cross References

    main.o(i.main) refers to briupgpio.o(i.briupGPIOInit) for briupGPIOInit
    main.o(i.main) refers to briupusart.o(i.usart1Init) for usart1Init
    main.o(i.main) refers to briupzigbee.o(i.zigbeeInit) for zigbeeInit
    main.o(i.main) refers to briupdelay.o(i._delay_init) for _delay_init
    main.o(i.main) refers to oeswitch.o(i.oeSwitchInit) for oeSwitchInit
    main.o(i.main) refers to warn.o(i.warnInit) for warnInit
    main.o(i.main) refers to baseperipheral.o(i.baseLedSet) for baseLedSet
    main.o(i.main) refers to warn.o(i.warnLed) for warnLed
    main.o(i.main) refers to warn.o(i.warn) for warn
    main.o(i.main) refers to warn.o(i.closeWarnLed) for closeWarnLed
    main.o(i.main) refers to warn.o(i.closeWarn) for closeWarn
    main.o(i.main) refers to briupdelay.o(i._delay_ms) for _delay_ms
    main.o(i.main) refers to protocol.o(i.protocolRes) for protocolRes
    main.o(i.main) refers to oeswitch.o(.data) for flag
    protocol.o(i.protocolCon) refers to briupzigbee.o(i.zigbeeGetData) for zigbeeGetData
    protocol.o(i.protocolCon) refers to briupusart.o(i.putBuffer) for putBuffer
    protocol.o(i.protocolCon) refers to rt_memclr.o(.text) for __aeabi_memclr
    protocol.o(i.protocolCon) refers to rt_memcpy_v6.o(.text) for __aeabi_memcpy
    protocol.o(i.protocolCon) refers to protocol.o(i.cmdCheck) for cmdCheck
    protocol.o(i.protocolCon) refers to protocol.o(i.protocolSend) for protocolSend
    protocol.o(i.protocolCon) refers to briupusart.o(i.putChar) for putChar
    protocol.o(i.protocolCon) refers to protocol.o(.data) for addh
    protocol.o(i.protocolRes) refers to briupzigbee.o(i.zigbeeGetData) for zigbeeGetData
    protocol.o(i.protocolRes) refers to briupusart.o(i.putBuffer) for putBuffer
    protocol.o(i.protocolRes) refers to rt_memclr.o(.text) for __aeabi_memclr
    protocol.o(i.protocolRes) refers to rt_memcpy_v6.o(.text) for __aeabi_memcpy
    protocol.o(i.protocolRes) refers to protocol.o(i.cmdCheck) for cmdCheck
    protocol.o(i.protocolRes) refers to protocol.o(i.protocolSend) for protocolSend
    protocol.o(i.protocolRes) refers to protocol.o(.data) for heart
    protocol.o(i.protocolSend) refers to briupzigbee.o(i.zigbeeSendBuf) for zigbeeSendBuf
    protocol.o(i.protocolSend) refers to protocol.o(.data) for addh
    startup_stm32f10x_md.o(STACK) refers (Special) to heapauxi.o(.text) for __use_two_region_memory
    startup_stm32f10x_md.o(HEAP) refers (Special) to heapauxi.o(.text) for __use_two_region_memory
    startup_stm32f10x_md.o(RESET) refers (Special) to heapauxi.o(.text) for __use_two_region_memory
    startup_stm32f10x_md.o(RESET) refers to startup_stm32f10x_md.o(STACK) for __initial_sp
    startup_stm32f10x_md.o(RESET) refers to startup_stm32f10x_md.o(.text) for Reset_Handler
    startup_stm32f10x_md.o(RESET) refers to oeswitch.o(i.EXTI0_IRQHandler) for EXTI0_IRQHandler
    startup_stm32f10x_md.o(RESET) refers to oeswitch.o(i.EXTI1_IRQHandler) for EXTI1_IRQHandler
    startup_stm32f10x_md.o(RESET) refers to briupusart.o(i.USART1_IRQHandler) for USART1_IRQHandler
    startup_stm32f10x_md.o(RESET) refers to briupzigbee.o(i.USART2_IRQHandler) for USART2_IRQHandler
    startup_stm32f10x_md.o(.text) refers (Special) to heapauxi.o(.text) for __use_two_region_memory
    startup_stm32f10x_md.o(.text) refers to system_stm32f10x.o(i.SystemInit) for SystemInit
    startup_stm32f10x_md.o(.text) refers to __main.o(!!!main) for __main
    startup_stm32f10x_md.o(.text) refers to startup_stm32f10x_md.o(HEAP) for Heap_Mem
    startup_stm32f10x_md.o(.text) refers to startup_stm32f10x_md.o(STACK) for Stack_Mem
    oeswitch.o(i.EXTI0_IRQHandler) refers to briupdelay.o(i._delay_ms) for _delay_ms
    oeswitch.o(i.EXTI0_IRQHandler) refers to protocol.o(i.protocolSend) for protocolSend
    oeswitch.o(i.EXTI0_IRQHandler) refers to oeswitch.o(.data) for flag
    oeswitch.o(i.EXTI1_IRQHandler) refers to briupdelay.o(i._delay_ms) for _delay_ms
    oeswitch.o(i.EXTI1_IRQHandler) refers to protocol.o(i.protocolSend) for protocolSend
    oeswitch.o(i.EXTI1_IRQHandler) refers to oeswitch.o(.data) for flag
    oeswitch.o(i.oeSwitchInit) refers to misc.o(i.NVIC_Init) for NVIC_Init
    briupusart.o(i.USART1_IRQHandler) refers to briupusart.o(.bss) for Usart1Buf
    briupusart.o(i.USART1_IRQHandler) refers to briupusart.o(.data) for u1Tail
    briupusart.o(i.getBuffer) refers to briupusart.o(.data) for u1Count
    briupusart.o(i.getBuffer) refers to briupusart.o(.bss) for Usart1Buf
    briupusart.o(i.getStr) refers to briupusart.o(i.getChar) for getChar
    briupusart.o(i.putBuffer) refers to briupusart.o(i.putChar) for putChar
    briupusart.o(i.putStr) refers to briupusart.o(i.putChar) for putChar
    briupusart.o(i.usart1Init) refers to dflt_clz.o(x$fpl$dfltu) for __aeabi_ui2d
    briupusart.o(i.usart1Init) refers to dmul.o(x$fpl$dmul) for __aeabi_dmul
    briupusart.o(i.usart1Init) refers to ddiv.o(x$fpl$ddiv) for __aeabi_ddiv
    briupusart.o(i.usart1Init) refers to dfixu.o(x$fpl$dfixu) for __aeabi_d2uiz
    briupusart.o(i.usart1Init) refers to daddsub_clz.o(x$fpl$drsb) for __aeabi_drsub
    briupusart.o(i.usart1Init) refers to misc.o(i.NVIC_Init) for NVIC_Init
    briupdelay.o(i._delay_init) refers to briupdelay.o(.data) for frac_us
    briupdelay.o(i._delay_ms) refers to briupdelay.o(.data) for frac_ms
    briupdelay.o(i._delay_sec) refers to dmul.o(x$fpl$dmul) for __aeabi_dmul
    briupdelay.o(i._delay_sec) refers to dfixu.o(x$fpl$dfixu) for __aeabi_d2uiz
    briupdelay.o(i._delay_sec) refers to briupdelay.o(i._delay_ms) for _delay_ms
    briupdelay.o(i._delay_us) refers to briupdelay.o(.data) for frac_us
    briupzigbee.o(i.USART2_IRQHandler) refers to briupzigbee.o(.bss) for zbBuffer
    briupzigbee.o(i.USART2_IRQHandler) refers to briupzigbee.o(.data) for zbTail
    briupzigbee.o(i.zigbeeGetData) refers to briupzigbee.o(.data) for zbCount
    briupzigbee.o(i.zigbeeGetData) refers to briupzigbee.o(.bss) for zbBuffer
    briupzigbee.o(i.zigbeeInit) refers to dflt_clz.o(x$fpl$dfltu) for __aeabi_ui2d
    briupzigbee.o(i.zigbeeInit) refers to dfixu.o(x$fpl$dfixu) for __aeabi_d2uiz
    briupzigbee.o(i.zigbeeInit) refers to daddsub_clz.o(x$fpl$drsb) for __aeabi_drsub
    briupzigbee.o(i.zigbeeInit) refers to dmul.o(x$fpl$dmul) for __aeabi_dmul
    briupzigbee.o(i.zigbeeInit) refers to misc.o(i.NVIC_Init) for NVIC_Init
    system_stm32f10x.o(i.SetSysClock) refers to system_stm32f10x.o(i.SetSysClockTo72) for SetSysClockTo72
    system_stm32f10x.o(i.SystemCoreClockUpdate) refers to system_stm32f10x.o(.data) for SystemCoreClock
    system_stm32f10x.o(i.SystemInit) refers to system_stm32f10x.o(i.SetSysClock) for SetSysClock
    rt_memcpy_v6.o(.text) refers to rt_memcpy_w.o(.text) for __aeabi_memcpy4
    rt_memclr.o(.text) refers to rt_memclr_w.o(.text) for _memset_w
    __main.o(!!!main) refers to __rtentry.o(.ARM.Collect$$rtentry$$00000000) for __rt_entry
    daddsub_clz.o(x$fpl$dadd) refers (Special) to usenofp.o(x$fpl$usenofp) for __I$use$fp
    daddsub_clz.o(x$fpl$dadd) refers to daddsub_clz.o(x$fpl$dsub) for _dsub1
    daddsub_clz.o(x$fpl$dadd) refers to dretinf.o(x$fpl$dretinf) for __fpl_dretinf
    daddsub_clz.o(x$fpl$dadd) refers to dnaninf.o(x$fpl$dnaninf) for __fpl_dnaninf
    daddsub_clz.o(x$fpl$drsb) refers (Special) to usenofp.o(x$fpl$usenofp) for __I$use$fp
    daddsub_clz.o(x$fpl$drsb) refers to daddsub_clz.o(x$fpl$dadd) for _dadd1
    daddsub_clz.o(x$fpl$drsb) refers to daddsub_clz.o(x$fpl$dsub) for _dsub1
    daddsub_clz.o(x$fpl$dsub) refers (Special) to usenofp.o(x$fpl$usenofp) for __I$use$fp
    daddsub_clz.o(x$fpl$dsub) refers to daddsub_clz.o(x$fpl$dadd) for _dadd1
    daddsub_clz.o(x$fpl$dsub) refers to dnaninf.o(x$fpl$dnaninf) for __fpl_dnaninf
    ddiv.o(x$fpl$drdiv) refers (Special) to usenofp.o(x$fpl$usenofp) for __I$use$fp
    ddiv.o(x$fpl$drdiv) refers to ddiv.o(x$fpl$ddiv) for ddiv_entry
    ddiv.o(x$fpl$ddiv) refers (Special) to usenofp.o(x$fpl$usenofp) for __I$use$fp
    ddiv.o(x$fpl$ddiv) refers to dretinf.o(x$fpl$dretinf) for __fpl_dretinf
    ddiv.o(x$fpl$ddiv) refers to dnaninf.o(x$fpl$dnaninf) for __fpl_dnaninf
    dfixu.o(x$fpl$dfixu) refers (Special) to usenofp.o(x$fpl$usenofp) for __I$use$fp
    dfixu.o(x$fpl$dfixu) refers to dnaninf.o(x$fpl$dnaninf) for __fpl_dnaninf
    dfixu.o(x$fpl$dfixur) refers (Special) to usenofp.o(x$fpl$usenofp) for __I$use$fp
    dfixu.o(x$fpl$dfixur) refers to dnaninf.o(x$fpl$dnaninf) for __fpl_dnaninf
    dflt_clz.o(x$fpl$dfltu) refers (Special) to usenofp.o(x$fpl$usenofp) for __I$use$fp
    dflt_clz.o(x$fpl$dflt) refers (Special) to usenofp.o(x$fpl$usenofp) for __I$use$fp
    dflt_clz.o(x$fpl$dfltn) refers (Special) to usenofp.o(x$fpl$usenofp) for __I$use$fp
    dmul.o(x$fpl$dmul) refers (Special) to usenofp.o(x$fpl$usenofp) for __I$use$fp
    dmul.o(x$fpl$dmul) refers to dretinf.o(x$fpl$dretinf) for __fpl_dretinf
    dmul.o(x$fpl$dmul) refers to dnaninf.o(x$fpl$dnaninf) for __fpl_dnaninf
    __rtentry.o(.ARM.Collect$$rtentry$$00000000) refers (Special) to __rtentry2.o(.ARM.Collect$$rtentry$$0000000A) for __rt_entry_li
    __rtentry.o(.ARM.Collect$$rtentry$$00000000) refers (Special) to __rtentry2.o(.ARM.Collect$$rtentry$$0000000D) for __rt_entry_main
    __rtentry.o(.ARM.Collect$$rtentry$$00000000) refers (Special) to __rtentry2.o(.ARM.Collect$$rtentry$$0000000C) for __rt_entry_postli_1
    __rtentry.o(.ARM.Collect$$rtentry$$00000000) refers (Special) to __rtentry2.o(.ARM.Collect$$rtentry$$00000009) for __rt_entry_postsh_1
    __rtentry.o(.ARM.Collect$$rtentry$$00000000) refers (Special) to __rtentry2.o(.ARM.Collect$$rtentry$$00000002) for __rt_entry_presh_1
    __rtentry.o(.ARM.Collect$$rtentry$$00000000) refers (Special) to __rtentry4.o(.ARM.Collect$$rtentry$$00000004) for __rt_entry_sh
    dnaninf.o(x$fpl$dnaninf) refers (Special) to usenofp.o(x$fpl$usenofp) for __I$use$fp
    dretinf.o(x$fpl$dretinf) refers (Special) to usenofp.o(x$fpl$usenofp) for __I$use$fp
    __rtentry2.o(.ARM.Collect$$rtentry$$00000008) refers to boardinit2.o(.text) for _platform_post_stackheap_init
    __rtentry2.o(.ARM.Collect$$rtentry$$0000000A) refers to libinit.o(.ARM.Collect$$libinit$$00000000) for __rt_lib_init
    __rtentry2.o(.ARM.Collect$$rtentry$$0000000B) refers to boardinit3.o(.text) for _platform_post_lib_init
    __rtentry2.o(.ARM.Collect$$rtentry$$0000000D) refers to main.o(i.main) for main
    __rtentry2.o(.ARM.Collect$$rtentry$$0000000D) refers to exit.o(.text) for exit
    __rtentry2.o(.ARM.exidx) refers to __rtentry2.o(.ARM.Collect$$rtentry$$00000001) for .ARM.Collect$$rtentry$$00000001
    __rtentry2.o(.ARM.exidx) refers to __rtentry2.o(.ARM.Collect$$rtentry$$00000008) for .ARM.Collect$$rtentry$$00000008
    __rtentry2.o(.ARM.exidx) refers to __rtentry2.o(.ARM.Collect$$rtentry$$0000000A) for .ARM.Collect$$rtentry$$0000000A
    __rtentry2.o(.ARM.exidx) refers to __rtentry2.o(.ARM.Collect$$rtentry$$0000000B) for .ARM.Collect$$rtentry$$0000000B
    __rtentry2.o(.ARM.exidx) refers to __rtentry2.o(.ARM.Collect$$rtentry$$0000000D) for .ARM.Collect$$rtentry$$0000000D
    __rtentry4.o(.ARM.Collect$$rtentry$$00000004) refers to sys_stackheap_outer.o(.text) for __user_setup_stackheap
    __rtentry4.o(.ARM.exidx) refers to __rtentry4.o(.ARM.Collect$$rtentry$$00000004) for .ARM.Collect$$rtentry$$00000004
    sys_stackheap_outer.o(.text) refers to libspace.o(.text) for __user_perproc_libspace
    sys_stackheap_outer.o(.text) refers to startup_stm32f10x_md.o(.text) for __user_initial_stackheap
    exit.o(.text) refers to rtexit.o(.ARM.Collect$$rtexit$$00000000) for __rt_exit
    libinit.o(.ARM.Collect$$libinit$$00000000) refers (Special) to libinit2.o(.ARM.Collect$$libinit$$0000002E) for __rt_lib_init_alloca_1
    libinit.o(.ARM.Collect$$libinit$$00000000) refers (Special) to libinit2.o(.ARM.Collect$$libinit$$0000002C) for __rt_lib_init_argv_1
    libinit.o(.ARM.Collect$$libinit$$00000000) refers (Special) to libinit2.o(.ARM.Collect$$libinit$$0000001B) for __rt_lib_init_atexit_1
    libinit.o(.ARM.Collect$$libinit$$00000000) refers (Special) to libinit2.o(.ARM.Collect$$libinit$$00000021) for __rt_lib_init_clock_1
    libinit.o(.ARM.Collect$$libinit$$00000000) refers (Special) to libinit2.o(.ARM.Collect$$libinit$$00000032) for __rt_lib_init_cpp_1
    libinit.o(.ARM.Collect$$libinit$$00000000) refers (Special) to libinit2.o(.ARM.Collect$$libinit$$00000030) for __rt_lib_init_exceptions_1
    libinit.o(.ARM.Collect$$libinit$$00000000) refers (Special) to libinit2.o(.ARM.Collect$$libinit$$00000002) for __rt_lib_init_fp_1
    libinit.o(.ARM.Collect$$libinit$$00000000) refers (Special) to libinit2.o(.ARM.Collect$$libinit$$0000001F) for __rt_lib_init_fp_trap_1
    libinit.o(.ARM.Collect$$libinit$$00000000) refers (Special) to libinit2.o(.ARM.Collect$$libinit$$00000023) for __rt_lib_init_getenv_1
    libinit.o(.ARM.Collect$$libinit$$00000000) refers (Special) to libinit2.o(.ARM.Collect$$libinit$$0000000A) for __rt_lib_init_heap_1
    libinit.o(.ARM.Collect$$libinit$$00000000) refers (Special) to libinit2.o(.ARM.Collect$$libinit$$00000011) for __rt_lib_init_lc_collate_1
    libinit.o(.ARM.Collect$$libinit$$00000000) refers (Special) to libinit2.o(.ARM.Collect$$libinit$$00000013) for __rt_lib_init_lc_ctype_1
    libinit.o(.ARM.Collect$$libinit$$00000000) refers (Special) to libinit2.o(.ARM.Collect$$libinit$$00000015) for __rt_lib_init_lc_monetary_1
    libinit.o(.ARM.Collect$$libinit$$00000000) refers (Special) to libinit2.o(.ARM.Collect$$libinit$$00000017) for __rt_lib_init_lc_numeric_1
    libinit.o(.ARM.Collect$$libinit$$00000000) refers (Special) to libinit2.o(.ARM.Collect$$libinit$$00000019) for __rt_lib_init_lc_time_1
    libinit.o(.ARM.Collect$$libinit$$00000000) refers (Special) to libinit2.o(.ARM.Collect$$libinit$$00000004) for __rt_lib_init_preinit_1
    libinit.o(.ARM.Collect$$libinit$$00000000) refers (Special) to libinit2.o(.ARM.Collect$$libinit$$0000000E) for __rt_lib_init_rand_1
    libinit.o(.ARM.Collect$$libinit$$00000000) refers (Special) to libinit2.o(.ARM.Collect$$libinit$$00000033) for __rt_lib_init_return
    libinit.o(.ARM.Collect$$libinit$$00000000) refers (Special) to libinit2.o(.ARM.Collect$$libinit$$0000001D) for __rt_lib_init_signal_1
    libinit.o(.ARM.Collect$$libinit$$00000000) refers (Special) to libinit2.o(.ARM.Collect$$libinit$$00000025) for __rt_lib_init_stdio_1
    libinit.o(.ARM.Collect$$libinit$$00000000) refers (Special) to libinit2.o(.ARM.Collect$$libinit$$0000000C) for __rt_lib_init_user_alloc_1
    libspace.o(.text) refers to libspace.o(.bss) for __libspace_start
    rtexit.o(.ARM.Collect$$rtexit$$00000000) refers (Special) to rtexit2.o(.ARM.Collect$$rtexit$$00000004) for __rt_exit_exit
    rtexit.o(.ARM.Collect$$rtexit$$00000000) refers (Special) to rtexit2.o(.ARM.Collect$$rtexit$$00000003) for __rt_exit_ls
    rtexit.o(.ARM.Collect$$rtexit$$00000000) refers (Special) to rtexit2.o(.ARM.Collect$$rtexit$$00000002) for __rt_exit_prels_1
    rtexit.o(.ARM.exidx) refers (Special) to rtexit2.o(.ARM.Collect$$rtexit$$00000004) for __rt_exit_exit
    rtexit.o(.ARM.exidx) refers (Special) to rtexit2.o(.ARM.Collect$$rtexit$$00000003) for __rt_exit_ls
    rtexit.o(.ARM.exidx) refers (Special) to rtexit2.o(.ARM.Collect$$rtexit$$00000002) for __rt_exit_prels_1
    rtexit.o(.ARM.exidx) refers to rtexit.o(.ARM.Collect$$rtexit$$00000000) for .ARM.Collect$$rtexit$$00000000
    libinit2.o(.ARM.Collect$$libinit$$00000010) refers to libinit2.o(.ARM.Collect$$libinit$$0000000F) for .ARM.Collect$$libinit$$0000000F
    libinit2.o(.ARM.Collect$$libinit$$00000012) refers to libinit2.o(.ARM.Collect$$libinit$$0000000F) for .ARM.Collect$$libinit$$0000000F
    libinit2.o(.ARM.Collect$$libinit$$00000014) refers to libinit2.o(.ARM.Collect$$libinit$$0000000F) for .ARM.Collect$$libinit$$0000000F
    libinit2.o(.ARM.Collect$$libinit$$00000016) refers to libinit2.o(.ARM.Collect$$libinit$$0000000F) for .ARM.Collect$$libinit$$0000000F
    libinit2.o(.ARM.Collect$$libinit$$00000018) refers to libinit2.o(.ARM.Collect$$libinit$$0000000F) for .ARM.Collect$$libinit$$0000000F
    libinit2.o(.ARM.Collect$$libinit$$00000026) refers to argv_veneer.o(.emb_text) for __ARM_argv_veneer
    libinit2.o(.ARM.Collect$$libinit$$00000027) refers to argv_veneer.o(.emb_text) for __ARM_argv_veneer
    rtexit2.o(.ARM.Collect$$rtexit$$00000003) refers to libshutdown.o(.ARM.Collect$$libshutdown$$00000000) for __rt_lib_shutdown
    rtexit2.o(.ARM.Collect$$rtexit$$00000004) refers to sys_exit.o(.text) for _sys_exit
    rtexit2.o(.ARM.exidx) refers to rtexit2.o(.ARM.Collect$$rtexit$$00000001) for .ARM.Collect$$rtexit$$00000001
    rtexit2.o(.ARM.exidx) refers to rtexit2.o(.ARM.Collect$$rtexit$$00000003) for .ARM.Collect$$rtexit$$00000003
    rtexit2.o(.ARM.exidx) refers to rtexit2.o(.ARM.Collect$$rtexit$$00000004) for .ARM.Collect$$rtexit$$00000004
    argv_veneer.o(.emb_text) refers to no_argv.o(.text) for __ARM_get_argv
    sys_exit.o(.text) refers (Special) to use_no_semi.o(.text) for __I$use$semihosting
    sys_exit.o(.text) refers (Special) to indicate_semi.o(.text) for __semihosting_library_function
    _get_argv_nomalloc.o(.text) refers (Special) to hrguard.o(.text) for __heap_region$guard
    _get_argv_nomalloc.o(.text) refers to defsig_rtmem_outer.o(.text) for __rt_SIGRTMEM
    _get_argv_nomalloc.o(.text) refers to sys_command.o(.text) for _sys_command_string
    libshutdown.o(.ARM.Collect$$libshutdown$$00000000) refers (Special) to libshutdown2.o(.ARM.Collect$$libshutdown$$00000006) for __rt_lib_shutdown_fp_trap_1
    libshutdown.o(.ARM.Collect$$libshutdown$$00000000) refers (Special) to libshutdown2.o(.ARM.Collect$$libshutdown$$0000000E) for __rt_lib_shutdown_heap_1
    libshutdown.o(.ARM.Collect$$libshutdown$$00000000) refers (Special) to libshutdown2.o(.ARM.Collect$$libshutdown$$0000000F) for __rt_lib_shutdown_return
    libshutdown.o(.ARM.Collect$$libshutdown$$00000000) refers (Special) to libshutdown2.o(.ARM.Collect$$libshutdown$$00000009) for __rt_lib_shutdown_signal_1
    libshutdown.o(.ARM.Collect$$libshutdown$$00000000) refers (Special) to libshutdown2.o(.ARM.Collect$$libshutdown$$00000003) for __rt_lib_shutdown_stdio_1
    libshutdown.o(.ARM.Collect$$libshutdown$$00000000) refers (Special) to libshutdown2.o(.ARM.Collect$$libshutdown$$0000000B) for __rt_lib_shutdown_user_alloc_1
    sys_command.o(.text) refers (Special) to use_no_semi.o(.text) for __I$use$semihosting
    sys_command.o(.text) refers (Special) to indicate_semi.o(.text) for __semihosting_library_function
    defsig_rtmem_outer.o(.text) refers to defsig_rtmem_inner.o(.text) for __rt_SIGRTMEM_inner
    defsig_rtmem_outer.o(.text) refers to defsig_exit.o(.text) for __sig_exit
    defsig_rtmem_formal.o(.text) refers to rt_raise.o(.text) for __rt_raise
    rt_raise.o(.text) refers to __raise.o(.text) for __raise
    rt_raise.o(.text) refers to sys_exit.o(.text) for _sys_exit
    defsig_exit.o(.text) refers to sys_exit.o(.text) for _sys_exit
    defsig_rtmem_inner.o(.text) refers to defsig_general.o(.text) for __default_signal_display
    __raise.o(.text) refers to defsig.o(CL$$defsig) for __default_signal_handler
    defsig_general.o(.text) refers to sys_wrch.o(.text) for _ttywrch
    sys_wrch.o(.text) refers (Special) to use_no_semi.o(.text) for __I$use$semihosting
    sys_wrch.o(.text) refers (Special) to indicate_semi.o(.text) for __semihosting_library_function
    defsig.o(CL$$defsig) refers to defsig_rtmem_inner.o(.text) for __rt_SIGRTMEM_inner
    defsig_abrt_inner.o(.text) refers to defsig_general.o(.text) for __default_signal_display
    defsig_fpe_inner.o(.text) refers to defsig_general.o(.text) for __default_signal_display
    defsig_rtred_inner.o(.text) refers to defsig_general.o(.text) for __default_signal_display
    defsig_stak_inner.o(.text) refers to defsig_general.o(.text) for __default_signal_display
    defsig_pvfn_inner.o(.text) refers to defsig_general.o(.text) for __default_signal_display
    defsig_cppl_inner.o(.text) refers to defsig_general.o(.text) for __default_signal_display
    defsig_segv_inner.o(.text) refers to defsig_general.o(.text) for __default_signal_display
    defsig_other.o(.text) refers to defsig_general.o(.text) for __default_signal_display


==============================================================================

Removing Unused input sections from the image.

    Removing protocol.o(i.protocolCon), (180 bytes).
    Removing oeswitch.o(i.currSwitchStat), (24 bytes).
    Removing oeswitch.o(i.refSwitchStat), (24 bytes).
    Removing baseperipheral.o(i.baseBeepSet), (36 bytes).
    Removing briupusart.o(i.getBuffer), (100 bytes).
    Removing briupusart.o(i.getChar), (28 bytes).
    Removing briupusart.o(i.getStr), (32 bytes).
    Removing briupusart.o(i.putDataDma), (32 bytes).
    Removing briupusart.o(i.putStr), (22 bytes).
    Removing briupdelay.o(i._delay_sec), (64 bytes).
    Removing briupdelay.o(i._delay_us), (92 bytes).
    Removing core_cm3.o(.emb_text), (32 bytes).
    Removing system_stm32f10x.o(i.SystemCoreClockUpdate), (164 bytes).
    Removing system_stm32f10x.o(.data), (20 bytes).
    Removing misc.o(i.NVIC_PriorityGroupConfig), (20 bytes).
    Removing misc.o(i.NVIC_SetVectorTable), (20 bytes).
    Removing misc.o(i.NVIC_SystemLPConfig), (32 bytes).
    Removing misc.o(i.SysTick_CLKSourceConfig), (40 bytes).

18 unused section(s) (total 962 bytes) removed from the image.

==============================================================================

Image Symbol Table

    Local Symbols

    Symbol Name                              Value     Ov Type        Size  Object(Section)

    ../clib/angel/boardlib.s                 0x00000000   Number         0  boardshut.o ABSOLUTE
    ../clib/angel/boardlib.s                 0x00000000   Number         0  boardinit1.o ABSOLUTE
    ../clib/angel/boardlib.s                 0x00000000   Number         0  boardinit2.o ABSOLUTE
    ../clib/angel/boardlib.s                 0x00000000   Number         0  boardinit3.o ABSOLUTE
    ../clib/angel/handlers.s                 0x00000000   Number         0  __scatter_copy.o ABSOLUTE
    ../clib/angel/handlers.s                 0x00000000   Number         0  __scatter_zi.o ABSOLUTE
    ../clib/angel/kernel.s                   0x00000000   Number         0  __rtentry.o ABSOLUTE
    ../clib/angel/kernel.s                   0x00000000   Number         0  rtexit2.o ABSOLUTE
    ../clib/angel/kernel.s                   0x00000000   Number         0  __rtentry2.o ABSOLUTE
    ../clib/angel/kernel.s                   0x00000000   Number         0  __rtentry4.o ABSOLUTE
    ../clib/angel/kernel.s                   0x00000000   Number         0  rtexit.o ABSOLUTE
    ../clib/angel/rt.s                       0x00000000   Number         0  rt_raise.o ABSOLUTE
    ../clib/angel/scatter.s                  0x00000000   Number         0  __scatter.o ABSOLUTE
    ../clib/angel/startup.s                  0x00000000   Number         0  __main.o ABSOLUTE
    ../clib/angel/sys.s                      0x00000000   Number         0  libspace.o ABSOLUTE
    ../clib/angel/sys.s                      0x00000000   Number         0  sys_stackheap_outer.o ABSOLUTE
    ../clib/angel/sys.s                      0x00000000   Number         0  indicate_semi.o ABSOLUTE
    ../clib/angel/sys.s                      0x00000000   Number         0  use_no_semi.o ABSOLUTE
    ../clib/angel/sysapp.c                   0x00000000   Number         0  sys_command.o ABSOLUTE
    ../clib/angel/sysapp.c                   0x00000000   Number         0  sys_wrch.o ABSOLUTE
    ../clib/angel/sysapp.c                   0x00000000   Number         0  sys_exit.o ABSOLUTE
    ../clib/armsys.c                         0x00000000   Number         0  no_argv.o ABSOLUTE
    ../clib/armsys.c                         0x00000000   Number         0  _get_argv_nomalloc.o ABSOLUTE
    ../clib/armsys.c                         0x00000000   Number         0  argv_veneer.o ABSOLUTE
    ../clib/armsys.c                         0x00000000   Number         0  argv_veneer.o ABSOLUTE
    ../clib/heapalloc.c                      0x00000000   Number         0  hrguard.o ABSOLUTE
    ../clib/heapaux.c                        0x00000000   Number         0  heapauxi.o ABSOLUTE
    ../clib/libinit.s                        0x00000000   Number         0  libshutdown2.o ABSOLUTE
    ../clib/libinit.s                        0x00000000   Number         0  libshutdown.o ABSOLUTE
    ../clib/libinit.s                        0x00000000   Number         0  libinit2.o ABSOLUTE
    ../clib/libinit.s                        0x00000000   Number         0  libinit.o ABSOLUTE
    ../clib/memcpset.s                       0x00000000   Number         0  rt_memclr_w.o ABSOLUTE
    ../clib/memcpset.s                       0x00000000   Number         0  rt_memclr.o ABSOLUTE
    ../clib/memcpset.s                       0x00000000   Number         0  rt_memcpy_v6.o ABSOLUTE
    ../clib/memcpset.s                       0x00000000   Number         0  rt_memcpy_w.o ABSOLUTE
    ../clib/signal.c                         0x00000000   Number         0  defsig_other.o ABSOLUTE
    ../clib/signal.c                         0x00000000   Number         0  defsig_segv_inner.o ABSOLUTE
    ../clib/signal.c                         0x00000000   Number         0  defsig_rtmem_formal.o ABSOLUTE
    ../clib/signal.c                         0x00000000   Number         0  defsig_rtmem_outer.o ABSOLUTE
    ../clib/signal.c                         0x00000000   Number         0  defsig_pvfn_inner.o ABSOLUTE
    ../clib/signal.c                         0x00000000   Number         0  defsig_cppl_inner.o ABSOLUTE
    ../clib/signal.c                         0x00000000   Number         0  defsig_fpe_inner.o ABSOLUTE
    ../clib/signal.c                         0x00000000   Number         0  defsig_stak_inner.o ABSOLUTE
    ../clib/signal.c                         0x00000000   Number         0  defsig_abrt_inner.o ABSOLUTE
    ../clib/signal.c                         0x00000000   Number         0  defsig_exit.o ABSOLUTE
    ../clib/signal.c                         0x00000000   Number         0  defsig_rtred_inner.o ABSOLUTE
    ../clib/signal.c                         0x00000000   Number         0  defsig_rtmem_inner.o ABSOLUTE
    ../clib/signal.c                         0x00000000   Number         0  __raise.o ABSOLUTE
    ../clib/signal.c                         0x00000000   Number         0  defsig_general.o ABSOLUTE
    ../clib/signal.s                         0x00000000   Number         0  defsig.o ABSOLUTE
    ../clib/stdlib.c                         0x00000000   Number         0  exit.o ABSOLUTE
    ../fplib/daddsub.s                       0x00000000   Number         0  daddsub_clz.o ABSOLUTE
    ../fplib/ddiv.s                          0x00000000   Number         0  ddiv.o ABSOLUTE
    ../fplib/dfixu.s                         0x00000000   Number         0  dfixu.o ABSOLUTE
    ../fplib/dflt.s                          0x00000000   Number         0  dflt_clz.o ABSOLUTE
    ../fplib/dmul.s                          0x00000000   Number         0  dmul.o ABSOLUTE
    ../fplib/dnaninf.s                       0x00000000   Number         0  dnaninf.o ABSOLUTE
    ../fplib/dretinf.s                       0x00000000   Number         0  dretinf.o ABSOLUTE
    ../fplib/fpinit.s                        0x00000000   Number         0  fpinit.o ABSOLUTE
    ../fplib/usenofp.s                       0x00000000   Number         0  usenofp.o ABSOLUTE
    ..\Libraries\CMSIS\CM3\CoreSupport\core_cm3.c 0x00000000   Number         0  core_cm3.o ABSOLUTE
    ..\Libraries\CMSIS\CM3\DeviceSupport\ST\STM32F10x\startup\arm\startup_stm32f10x_md.s 0x00000000   Number         0  startup_stm32f10x_md.o ABSOLUTE
    ..\Libraries\CMSIS\CM3\DeviceSupport\ST\STM32F10x\system_stm32f10x.c 0x00000000   Number         0  system_stm32f10x.o ABSOLUTE
    ..\Libraries\STM32F10x_StdPeriph_Driver\src\misc.c 0x00000000   Number         0  misc.o ABSOLUTE
    ..\\Libraries\\CMSIS\\CM3\\CoreSupport\\core_cm3.c 0x00000000   Number         0  core_cm3.o ABSOLUTE
    ..\devices\src\basePeripheral.c          0x00000000   Number         0  baseperipheral.o ABSOLUTE
    ..\devices\src\oeSwitch.c                0x00000000   Number         0  oeswitch.o ABSOLUTE
    ..\devices\src\warn.c                    0x00000000   Number         0  warn.o ABSOLUTE
    ..\hardware\src\briupDelay.c             0x00000000   Number         0  briupdelay.o ABSOLUTE
    ..\hardware\src\briupGPIO.c              0x00000000   Number         0  briupgpio.o ABSOLUTE
    ..\hardware\src\briupUSART.c             0x00000000   Number         0  briupusart.o ABSOLUTE
    ..\hardware\src\briupZigbee.c            0x00000000   Number         0  briupzigbee.o ABSOLUTE
    ..\user\main.c                           0x00000000   Number         0  main.o ABSOLUTE
    ..\user\protocol.c                       0x00000000   Number         0  protocol.o ABSOLUTE
    dc.s                                     0x00000000   Number         0  dc.o ABSOLUTE
    RESET                                    0x08000000   Section      236  startup_stm32f10x_md.o(RESET)
    !!!main                                  0x080000ec   Section        8  __main.o(!!!main)
    !!!scatter                               0x080000f4   Section       52  __scatter.o(!!!scatter)
    !!handler_copy                           0x08000128   Section       26  __scatter_copy.o(!!handler_copy)
    !!handler_zi                             0x08000144   Section       28  __scatter_zi.o(!!handler_zi)
    .ARM.Collect$$libinit$$00000000          0x08000160   Section        2  libinit.o(.ARM.Collect$$libinit$$00000000)
    .ARM.Collect$$libinit$$00000002          0x08000162   Section        0  libinit2.o(.ARM.Collect$$libinit$$00000002)
    .ARM.Collect$$libinit$$00000004          0x08000162   Section        0  libinit2.o(.ARM.Collect$$libinit$$00000004)
    .ARM.Collect$$libinit$$0000000A          0x08000162   Section        0  libinit2.o(.ARM.Collect$$libinit$$0000000A)
    .ARM.Collect$$libinit$$0000000C          0x08000162   Section        0  libinit2.o(.ARM.Collect$$libinit$$0000000C)
    .ARM.Collect$$libinit$$0000000E          0x08000162   Section        0  libinit2.o(.ARM.Collect$$libinit$$0000000E)
    .ARM.Collect$$libinit$$00000011          0x08000162   Section        0  libinit2.o(.ARM.Collect$$libinit$$00000011)
    .ARM.Collect$$libinit$$00000013          0x08000162   Section        0  libinit2.o(.ARM.Collect$$libinit$$00000013)
    .ARM.Collect$$libinit$$00000015          0x08000162   Section        0  libinit2.o(.ARM.Collect$$libinit$$00000015)
    .ARM.Collect$$libinit$$00000017          0x08000162   Section        0  libinit2.o(.ARM.Collect$$libinit$$00000017)
    .ARM.Collect$$libinit$$00000019          0x08000162   Section        0  libinit2.o(.ARM.Collect$$libinit$$00000019)
    .ARM.Collect$$libinit$$0000001B          0x08000162   Section        0  libinit2.o(.ARM.Collect$$libinit$$0000001B)
    .ARM.Collect$$libinit$$0000001D          0x08000162   Section        0  libinit2.o(.ARM.Collect$$libinit$$0000001D)
    .ARM.Collect$$libinit$$0000001F          0x08000162   Section        0  libinit2.o(.ARM.Collect$$libinit$$0000001F)
    .ARM.Collect$$libinit$$00000021          0x08000162   Section        0  libinit2.o(.ARM.Collect$$libinit$$00000021)
    .ARM.Collect$$libinit$$00000023          0x08000162   Section        0  libinit2.o(.ARM.Collect$$libinit$$00000023)
    .ARM.Collect$$libinit$$00000025          0x08000162   Section        0  libinit2.o(.ARM.Collect$$libinit$$00000025)
    .ARM.Collect$$libinit$$0000002C          0x08000162   Section        0  libinit2.o(.ARM.Collect$$libinit$$0000002C)
    .ARM.Collect$$libinit$$0000002E          0x08000162   Section        0  libinit2.o(.ARM.Collect$$libinit$$0000002E)
    .ARM.Collect$$libinit$$00000030          0x08000162   Section        0  libinit2.o(.ARM.Collect$$libinit$$00000030)
    .ARM.Collect$$libinit$$00000032          0x08000162   Section        0  libinit2.o(.ARM.Collect$$libinit$$00000032)
    .ARM.Collect$$libinit$$00000033          0x08000162   Section        2  libinit2.o(.ARM.Collect$$libinit$$00000033)
    .ARM.Collect$$libshutdown$$00000000      0x08000164   Section        2  libshutdown.o(.ARM.Collect$$libshutdown$$00000000)
    .ARM.Collect$$libshutdown$$00000003      0x08000166   Section        0  libshutdown2.o(.ARM.Collect$$libshutdown$$00000003)
    .ARM.Collect$$libshutdown$$00000006      0x08000166   Section        0  libshutdown2.o(.ARM.Collect$$libshutdown$$00000006)
    .ARM.Collect$$libshutdown$$00000009      0x08000166   Section        0  libshutdown2.o(.ARM.Collect$$libshutdown$$00000009)
    .ARM.Collect$$libshutdown$$0000000B      0x08000166   Section        0  libshutdown2.o(.ARM.Collect$$libshutdown$$0000000B)
    .ARM.Collect$$libshutdown$$0000000E      0x08000166   Section        0  libshutdown2.o(.ARM.Collect$$libshutdown$$0000000E)
    .ARM.Collect$$libshutdown$$0000000F      0x08000166   Section        2  libshutdown2.o(.ARM.Collect$$libshutdown$$0000000F)
    .ARM.Collect$$rtentry$$00000000          0x08000168   Section        0  __rtentry.o(.ARM.Collect$$rtentry$$00000000)
    .ARM.Collect$$rtentry$$00000002          0x08000168   Section        0  __rtentry2.o(.ARM.Collect$$rtentry$$00000002)
    .ARM.Collect$$rtentry$$00000004          0x08000168   Section        6  __rtentry4.o(.ARM.Collect$$rtentry$$00000004)
    .ARM.Collect$$rtentry$$00000009          0x0800016e   Section        0  __rtentry2.o(.ARM.Collect$$rtentry$$00000009)
    .ARM.Collect$$rtentry$$0000000A          0x0800016e   Section        4  __rtentry2.o(.ARM.Collect$$rtentry$$0000000A)
    .ARM.Collect$$rtentry$$0000000C          0x08000172   Section        0  __rtentry2.o(.ARM.Collect$$rtentry$$0000000C)
    .ARM.Collect$$rtentry$$0000000D          0x08000172   Section        8  __rtentry2.o(.ARM.Collect$$rtentry$$0000000D)
    .ARM.Collect$$rtexit$$00000000           0x0800017a   Section        2  rtexit.o(.ARM.Collect$$rtexit$$00000000)
    .ARM.Collect$$rtexit$$00000002           0x0800017c   Section        0  rtexit2.o(.ARM.Collect$$rtexit$$00000002)
    .ARM.Collect$$rtexit$$00000003           0x0800017c   Section        4  rtexit2.o(.ARM.Collect$$rtexit$$00000003)
    .ARM.Collect$$rtexit$$00000004           0x08000180   Section        6  rtexit2.o(.ARM.Collect$$rtexit$$00000004)
    .text                                    0x08000188   Section       64  startup_stm32f10x_md.o(.text)
    .text                                    0x080001c8   Section      138  rt_memcpy_v6.o(.text)
    .text                                    0x08000252   Section       68  rt_memclr.o(.text)
    .text                                    0x08000296   Section        0  heapauxi.o(.text)
    .text                                    0x0800029c   Section      100  rt_memcpy_w.o(.text)
    .text                                    0x08000300   Section       78  rt_memclr_w.o(.text)
    .text                                    0x0800034e   Section       74  sys_stackheap_outer.o(.text)
    .text                                    0x08000398   Section        0  exit.o(.text)
    .text                                    0x080003a4   Section        8  libspace.o(.text)
    .text                                    0x080003ac   Section        0  sys_exit.o(.text)
    .text                                    0x080003b8   Section        2  use_no_semi.o(.text)
    .text                                    0x080003ba   Section        0  indicate_semi.o(.text)
    i.EXTI0_IRQHandler                       0x080003bc   Section        0  oeswitch.o(i.EXTI0_IRQHandler)
    i.EXTI1_IRQHandler                       0x08000408   Section        0  oeswitch.o(i.EXTI1_IRQHandler)
    i.NVIC_Init                              0x08000454   Section        0  misc.o(i.NVIC_Init)
    i.SetSysClock                            0x080004c4   Section        0  system_stm32f10x.o(i.SetSysClock)
    SetSysClock                              0x080004c5   Thumb Code     8  system_stm32f10x.o(i.SetSysClock)
    i.SetSysClockTo72                        0x080004cc   Section        0  system_stm32f10x.o(i.SetSysClockTo72)
    SetSysClockTo72                          0x080004cd   Thumb Code   214  system_stm32f10x.o(i.SetSysClockTo72)
    i.SystemInit                             0x080005ac   Section        0  system_stm32f10x.o(i.SystemInit)
    i.USART1_IRQHandler                      0x0800060c   Section        0  briupusart.o(i.USART1_IRQHandler)
    i.USART2_IRQHandler                      0x0800065c   Section        0  briupzigbee.o(i.USART2_IRQHandler)
    i._delay_init                            0x080006b0   Section        0  briupdelay.o(i._delay_init)
    i._delay_ms                              0x080006e4   Section        0  briupdelay.o(i._delay_ms)
    i.baseLedSet                             0x08000750   Section        0  baseperipheral.o(i.baseLedSet)
    i.briupGPIOInit                          0x0800081c   Section        0  briupgpio.o(i.briupGPIOInit)
    i.closeWarn                              0x0800087c   Section        0  warn.o(i.closeWarn)
    i.closeWarnLed                           0x08000890   Section        0  warn.o(i.closeWarnLed)
    i.cmdCheck                               0x080008a4   Section        0  protocol.o(i.cmdCheck)
    cmdCheck                                 0x080008a5   Thumb Code    50  protocol.o(i.cmdCheck)
    i.main                                   0x080008d8   Section        0  main.o(i.main)
    i.oeSwitchInit                           0x08000958   Section        0  oeswitch.o(i.oeSwitchInit)
    i.protocolRes                            0x08000a14   Section        0  protocol.o(i.protocolRes)
    i.protocolSend                           0x08000aac   Section        0  protocol.o(i.protocolSend)
    i.putBuffer                              0x08000b4c   Section        0  briupusart.o(i.putBuffer)
    i.putChar                                0x08000b68   Section        0  briupusart.o(i.putChar)
    i.usart1Init                             0x08000b84   Section        0  briupusart.o(i.usart1Init)
    i.warn                                   0x08000cc4   Section        0  warn.o(i.warn)
    i.warnInit                               0x08000cd8   Section        0  warn.o(i.warnInit)
    i.warnLed                                0x08000d14   Section        0  warn.o(i.warnLed)
    i.zigbeeGetData                          0x08000d28   Section        0  briupzigbee.o(i.zigbeeGetData)
    i.zigbeeInit                             0x08000e10   Section        0  briupzigbee.o(i.zigbeeInit)
    i.zigbeeSendBuf                          0x08000f44   Section        0  briupzigbee.o(i.zigbeeSendBuf)
    x$fpl$dadd                               0x08000f70   Section      336  daddsub_clz.o(x$fpl$dadd)
    _dadd1                                   0x08000f81   Thumb Code     0  daddsub_clz.o(x$fpl$dadd)
    x$fpl$ddiv                               0x080010c0   Section      688  ddiv.o(x$fpl$ddiv)
    ddiv_entry                               0x080010c7   Thumb Code     0  ddiv.o(x$fpl$ddiv)
    x$fpl$dfixu                              0x08001370   Section       90  dfixu.o(x$fpl$dfixu)
    x$fpl$dfltu                              0x080013ca   Section       38  dflt_clz.o(x$fpl$dfltu)
    x$fpl$dmul                               0x080013f0   Section      340  dmul.o(x$fpl$dmul)
    x$fpl$dnaninf                            0x08001544   Section      156  dnaninf.o(x$fpl$dnaninf)
    x$fpl$dretinf                            0x080015e0   Section       12  dretinf.o(x$fpl$dretinf)
    x$fpl$drsb                               0x080015ec   Section       22  daddsub_clz.o(x$fpl$drsb)
    x$fpl$dsub                               0x08001604   Section      468  daddsub_clz.o(x$fpl$dsub)
    _dsub1                                   0x08001615   Thumb Code     0  daddsub_clz.o(x$fpl$dsub)
    x$fpl$usenofp                            0x080017d8   Section        0  usenofp.o(x$fpl$usenofp)
    .data                                    0x20000000   Section        3  protocol.o(.data)
    .data                                    0x20000003   Section        1  oeswitch.o(.data)
    .data                                    0x20000004   Section        6  briupusart.o(.data)
    u1Head                                   0x20000004   Data           2  briupusart.o(.data)
    u1Tail                                   0x20000006   Data           2  briupusart.o(.data)
    u1Count                                  0x20000008   Data           2  briupusart.o(.data)
    .data                                    0x2000000a   Section        4  briupdelay.o(.data)
    frac_us                                  0x2000000a   Data           2  briupdelay.o(.data)
    frac_ms                                  0x2000000c   Data           2  briupdelay.o(.data)
    .data                                    0x2000000e   Section        6  briupzigbee.o(.data)
    zbHead                                   0x2000000e   Data           2  briupzigbee.o(.data)
    zbTail                                   0x20000010   Data           2  briupzigbee.o(.data)
    zbCount                                  0x20000012   Data           2  briupzigbee.o(.data)
    .bss                                     0x20000014   Section      256  briupusart.o(.bss)
    Usart1Buf                                0x20000014   Data         256  briupusart.o(.bss)
    .bss                                     0x20000114   Section      256  briupzigbee.o(.bss)
    zbBuffer                                 0x20000114   Data         256  briupzigbee.o(.bss)
    .bss                                     0x20000214   Section       96  libspace.o(.bss)
    HEAP                                     0x20000278   Section      512  startup_stm32f10x_md.o(HEAP)
    Heap_Mem                                 0x20000278   Data         512  startup_stm32f10x_md.o(HEAP)
    STACK                                    0x20000478   Section     1024  startup_stm32f10x_md.o(STACK)
    Stack_Mem                                0x20000478   Data        1024  startup_stm32f10x_md.o(STACK)
    __initial_sp                             0x20000878   Data           0  startup_stm32f10x_md.o(STACK)

    Global Symbols

    Symbol Name                              Value     Ov Type        Size  Object(Section)

    BuildAttributes$$THM_ISAv4$P$D$K$B$S$PE$A:L22UL41UL21$X:L11$S22US41US21$IEEE1$IW$USESV6$~STKCKD$USESV7$~SHL$OSPACE$ROPI$EBA8$UX$STANDARDLIB$REQ8$PRES8$EABIv2 0x00000000   Number         0  anon$$obj.o ABSOLUTE
    __ARM_use_no_argv                        0x00000000   Number         0  main.o ABSOLUTE
    __ARM_exceptions_init                     - Undefined Weak Reference
    __alloca_initialize                       - Undefined Weak Reference
    __arm_preinit_                            - Undefined Weak Reference
    __cpp_initialize__aeabi_                  - Undefined Weak Reference
    __cxa_finalize                            - Undefined Weak Reference
    __rt_locale                               - Undefined Weak Reference
    __sigvec_lookup                           - Undefined Weak Reference
    _atexit_init                              - Undefined Weak Reference
    _call_atexit_fns                          - Undefined Weak Reference
    _clock_init                               - Undefined Weak Reference
    _fp_trap_init                             - Undefined Weak Reference
    _fp_trap_shutdown                         - Undefined Weak Reference
    _get_lc_collate                           - Undefined Weak Reference
    _get_lc_ctype                             - Undefined Weak Reference
    _get_lc_monetary                          - Undefined Weak Reference
    _get_lc_numeric                           - Undefined Weak Reference
    _get_lc_time                              - Undefined Weak Reference
    _getenv_init                              - Undefined Weak Reference
    _handle_redirection                       - Undefined Weak Reference
    _init_alloc                               - Undefined Weak Reference
    _init_user_alloc                          - Undefined Weak Reference
    _initio                                   - Undefined Weak Reference
    _rand_init                                - Undefined Weak Reference
    _signal_finish                            - Undefined Weak Reference
    _signal_init                              - Undefined Weak Reference
    _terminate_alloc                          - Undefined Weak Reference
    _terminate_user_alloc                     - Undefined Weak Reference
    _terminateio                              - Undefined Weak Reference
    __Vectors_Size                           0x000000ec   Number         0  startup_stm32f10x_md.o ABSOLUTE
    __Vectors                                0x08000000   Data           4  startup_stm32f10x_md.o(RESET)
    __Vectors_End                            0x080000ec   Data           0  startup_stm32f10x_md.o(RESET)
    __main                                   0x080000ed   Thumb Code     8  __main.o(!!!main)
    __scatterload                            0x080000f5   Thumb Code     0  __scatter.o(!!!scatter)
    __scatterload_rt2                        0x080000f5   Thumb Code    44  __scatter.o(!!!scatter)
    __scatterload_rt2_thumb_only             0x080000f5   Thumb Code     0  __scatter.o(!!!scatter)
    __scatterload_null                       0x08000103   Thumb Code     0  __scatter.o(!!!scatter)
    __scatterload_copy                       0x08000129   Thumb Code    26  __scatter_copy.o(!!handler_copy)
    __scatterload_zeroinit                   0x08000145   Thumb Code    28  __scatter_zi.o(!!handler_zi)
    __rt_lib_init                            0x08000161   Thumb Code     0  libinit.o(.ARM.Collect$$libinit$$00000000)
    __rt_lib_init_alloca_1                   0x08000163   Thumb Code     0  libinit2.o(.ARM.Collect$$libinit$$0000002E)
    __rt_lib_init_argv_1                     0x08000163   Thumb Code     0  libinit2.o(.ARM.Collect$$libinit$$0000002C)
    __rt_lib_init_atexit_1                   0x08000163   Thumb Code     0  libinit2.o(.ARM.Collect$$libinit$$0000001B)
    __rt_lib_init_clock_1                    0x08000163   Thumb Code     0  libinit2.o(.ARM.Collect$$libinit$$00000021)
    __rt_lib_init_cpp_1                      0x08000163   Thumb Code     0  libinit2.o(.ARM.Collect$$libinit$$00000032)
    __rt_lib_init_exceptions_1               0x08000163   Thumb Code     0  libinit2.o(.ARM.Collect$$libinit$$00000030)
    __rt_lib_init_fp_1                       0x08000163   Thumb Code     0  libinit2.o(.ARM.Collect$$libinit$$00000002)
    __rt_lib_init_fp_trap_1                  0x08000163   Thumb Code     0  libinit2.o(.ARM.Collect$$libinit$$0000001F)
    __rt_lib_init_getenv_1                   0x08000163   Thumb Code     0  libinit2.o(.ARM.Collect$$libinit$$00000023)
    __rt_lib_init_heap_1                     0x08000163   Thumb Code     0  libinit2.o(.ARM.Collect$$libinit$$0000000A)
    __rt_lib_init_lc_collate_1               0x08000163   Thumb Code     0  libinit2.o(.ARM.Collect$$libinit$$00000011)
    __rt_lib_init_lc_ctype_1                 0x08000163   Thumb Code     0  libinit2.o(.ARM.Collect$$libinit$$00000013)
    __rt_lib_init_lc_monetary_1              0x08000163   Thumb Code     0  libinit2.o(.ARM.Collect$$libinit$$00000015)
    __rt_lib_init_lc_numeric_1               0x08000163   Thumb Code     0  libinit2.o(.ARM.Collect$$libinit$$00000017)
    __rt_lib_init_lc_time_1                  0x08000163   Thumb Code     0  libinit2.o(.ARM.Collect$$libinit$$00000019)
    __rt_lib_init_preinit_1                  0x08000163   Thumb Code     0  libinit2.o(.ARM.Collect$$libinit$$00000004)
    __rt_lib_init_rand_1                     0x08000163   Thumb Code     0  libinit2.o(.ARM.Collect$$libinit$$0000000E)
    __rt_lib_init_return                     0x08000163   Thumb Code     0  libinit2.o(.ARM.Collect$$libinit$$00000033)
    __rt_lib_init_signal_1                   0x08000163   Thumb Code     0  libinit2.o(.ARM.Collect$$libinit$$0000001D)
    __rt_lib_init_stdio_1                    0x08000163   Thumb Code     0  libinit2.o(.ARM.Collect$$libinit$$00000025)
    __rt_lib_init_user_alloc_1               0x08000163   Thumb Code     0  libinit2.o(.ARM.Collect$$libinit$$0000000C)
    __rt_lib_shutdown                        0x08000165   Thumb Code     0  libshutdown.o(.ARM.Collect$$libshutdown$$00000000)
    __rt_lib_shutdown_fp_trap_1              0x08000167   Thumb Code     0  libshutdown2.o(.ARM.Collect$$libshutdown$$00000006)
    __rt_lib_shutdown_heap_1                 0x08000167   Thumb Code     0  libshutdown2.o(.ARM.Collect$$libshutdown$$0000000E)
    __rt_lib_shutdown_return                 0x08000167   Thumb Code     0  libshutdown2.o(.ARM.Collect$$libshutdown$$0000000F)
    __rt_lib_shutdown_signal_1               0x08000167   Thumb Code     0  libshutdown2.o(.ARM.Collect$$libshutdown$$00000009)
    __rt_lib_shutdown_stdio_1                0x08000167   Thumb Code     0  libshutdown2.o(.ARM.Collect$$libshutdown$$00000003)
    __rt_lib_shutdown_user_alloc_1           0x08000167   Thumb Code     0  libshutdown2.o(.ARM.Collect$$libshutdown$$0000000B)
    __rt_entry                               0x08000169   Thumb Code     0  __rtentry.o(.ARM.Collect$$rtentry$$00000000)
    __rt_entry_presh_1                       0x08000169   Thumb Code     0  __rtentry2.o(.ARM.Collect$$rtentry$$00000002)
    __rt_entry_sh                            0x08000169   Thumb Code     0  __rtentry4.o(.ARM.Collect$$rtentry$$00000004)
    __rt_entry_li                            0x0800016f   Thumb Code     0  __rtentry2.o(.ARM.Collect$$rtentry$$0000000A)
    __rt_entry_postsh_1                      0x0800016f   Thumb Code     0  __rtentry2.o(.ARM.Collect$$rtentry$$00000009)
    __rt_entry_main                          0x08000173   Thumb Code     0  __rtentry2.o(.ARM.Collect$$rtentry$$0000000D)
    __rt_entry_postli_1                      0x08000173   Thumb Code     0  __rtentry2.o(.ARM.Collect$$rtentry$$0000000C)
    __rt_exit                                0x0800017b   Thumb Code     0  rtexit.o(.ARM.Collect$$rtexit$$00000000)
    __rt_exit_ls                             0x0800017d   Thumb Code     0  rtexit2.o(.ARM.Collect$$rtexit$$00000003)
    __rt_exit_prels_1                        0x0800017d   Thumb Code     0  rtexit2.o(.ARM.Collect$$rtexit$$00000002)
    __rt_exit_exit                           0x08000181   Thumb Code     0  rtexit2.o(.ARM.Collect$$rtexit$$00000004)
    Reset_Handler                            0x08000189   Thumb Code     8  startup_stm32f10x_md.o(.text)
    NMI_Handler                              0x08000191   Thumb Code     2  startup_stm32f10x_md.o(.text)
    HardFault_Handler                        0x08000193   Thumb Code     2  startup_stm32f10x_md.o(.text)
    MemManage_Handler                        0x08000195   Thumb Code     2  startup_stm32f10x_md.o(.text)
    BusFault_Handler                         0x08000197   Thumb Code     2  startup_stm32f10x_md.o(.text)
    UsageFault_Handler                       0x08000199   Thumb Code     2  startup_stm32f10x_md.o(.text)
    SVC_Handler                              0x0800019b   Thumb Code     2  startup_stm32f10x_md.o(.text)
    DebugMon_Handler                         0x0800019d   Thumb Code     2  startup_stm32f10x_md.o(.text)
    PendSV_Handler                           0x0800019f   Thumb Code     2  startup_stm32f10x_md.o(.text)
    SysTick_Handler                          0x080001a1   Thumb Code     2  startup_stm32f10x_md.o(.text)
    ADC1_2_IRQHandler                        0x080001a3   Thumb Code     0  startup_stm32f10x_md.o(.text)
    CAN1_RX1_IRQHandler                      0x080001a3   Thumb Code     0  startup_stm32f10x_md.o(.text)
    CAN1_SCE_IRQHandler                      0x080001a3   Thumb Code     0  startup_stm32f10x_md.o(.text)
    DMA1_Channel1_IRQHandler                 0x080001a3   Thumb Code     0  startup_stm32f10x_md.o(.text)
    DMA1_Channel2_IRQHandler                 0x080001a3   Thumb Code     0  startup_stm32f10x_md.o(.text)
    DMA1_Channel3_IRQHandler                 0x080001a3   Thumb Code     0  startup_stm32f10x_md.o(.text)
    DMA1_Channel4_IRQHandler                 0x080001a3   Thumb Code     0  startup_stm32f10x_md.o(.text)
    DMA1_Channel5_IRQHandler                 0x080001a3   Thumb Code     0  startup_stm32f10x_md.o(.text)
    DMA1_Channel6_IRQHandler                 0x080001a3   Thumb Code     0  startup_stm32f10x_md.o(.text)
    DMA1_Channel7_IRQHandler                 0x080001a3   Thumb Code     0  startup_stm32f10x_md.o(.text)
    EXTI15_10_IRQHandler                     0x080001a3   Thumb Code     0  startup_stm32f10x_md.o(.text)
    EXTI2_IRQHandler                         0x080001a3   Thumb Code     0  startup_stm32f10x_md.o(.text)
    EXTI3_IRQHandler                         0x080001a3   Thumb Code     0  startup_stm32f10x_md.o(.text)
    EXTI4_IRQHandler                         0x080001a3   Thumb Code     0  startup_stm32f10x_md.o(.text)
    EXTI9_5_IRQHandler                       0x080001a3   Thumb Code     0  startup_stm32f10x_md.o(.text)
    FLASH_IRQHandler                         0x080001a3   Thumb Code     0  startup_stm32f10x_md.o(.text)
    I2C1_ER_IRQHandler                       0x080001a3   Thumb Code     0  startup_stm32f10x_md.o(.text)
    I2C1_EV_IRQHandler                       0x080001a3   Thumb Code     0  startup_stm32f10x_md.o(.text)
    I2C2_ER_IRQHandler                       0x080001a3   Thumb Code     0  startup_stm32f10x_md.o(.text)
    I2C2_EV_IRQHandler                       0x080001a3   Thumb Code     0  startup_stm32f10x_md.o(.text)
    PVD_IRQHandler                           0x080001a3   Thumb Code     0  startup_stm32f10x_md.o(.text)
    RCC_IRQHandler                           0x080001a3   Thumb Code     0  startup_stm32f10x_md.o(.text)
    RTCAlarm_IRQHandler                      0x080001a3   Thumb Code     0  startup_stm32f10x_md.o(.text)
    RTC_IRQHandler                           0x080001a3   Thumb Code     0  startup_stm32f10x_md.o(.text)
    SPI1_IRQHandler                          0x080001a3   Thumb Code     0  startup_stm32f10x_md.o(.text)
    SPI2_IRQHandler                          0x080001a3   Thumb Code     0  startup_stm32f10x_md.o(.text)
    TAMPER_IRQHandler                        0x080001a3   Thumb Code     0  startup_stm32f10x_md.o(.text)
    TIM1_BRK_IRQHandler                      0x080001a3   Thumb Code     0  startup_stm32f10x_md.o(.text)
    TIM1_CC_IRQHandler                       0x080001a3   Thumb Code     0  startup_stm32f10x_md.o(.text)
    TIM1_TRG_COM_IRQHandler                  0x080001a3   Thumb Code     0  startup_stm32f10x_md.o(.text)
    TIM1_UP_IRQHandler                       0x080001a3   Thumb Code     0  startup_stm32f10x_md.o(.text)
    TIM2_IRQHandler                          0x080001a3   Thumb Code     0  startup_stm32f10x_md.o(.text)
    TIM3_IRQHandler                          0x080001a3   Thumb Code     0  startup_stm32f10x_md.o(.text)
    TIM4_IRQHandler                          0x080001a3   Thumb Code     0  startup_stm32f10x_md.o(.text)
    USART3_IRQHandler                        0x080001a3   Thumb Code     0  startup_stm32f10x_md.o(.text)
    USBWakeUp_IRQHandler                     0x080001a3   Thumb Code     0  startup_stm32f10x_md.o(.text)
    USB_HP_CAN1_TX_IRQHandler                0x080001a3   Thumb Code     0  startup_stm32f10x_md.o(.text)
    USB_LP_CAN1_RX0_IRQHandler               0x080001a3   Thumb Code     0  startup_stm32f10x_md.o(.text)
    WWDG_IRQHandler                          0x080001a3   Thumb Code     0  startup_stm32f10x_md.o(.text)
    __user_initial_stackheap                 0x080001a5   Thumb Code     0  startup_stm32f10x_md.o(.text)
    __aeabi_memcpy                           0x080001c9   Thumb Code     0  rt_memcpy_v6.o(.text)
    __rt_memcpy                              0x080001c9   Thumb Code   138  rt_memcpy_v6.o(.text)
    _memcpy_lastbytes                        0x0800022f   Thumb Code     0  rt_memcpy_v6.o(.text)
    __aeabi_memclr                           0x08000253   Thumb Code     0  rt_memclr.o(.text)
    __rt_memclr                              0x08000253   Thumb Code    68  rt_memclr.o(.text)
    _memset                                  0x08000257   Thumb Code     0  rt_memclr.o(.text)
    __use_two_region_memory                  0x08000297   Thumb Code     2  heapauxi.o(.text)
    __rt_heap_escrow$2region                 0x08000299   Thumb Code     2  heapauxi.o(.text)
    __rt_heap_expand$2region                 0x0800029b   Thumb Code     2  heapauxi.o(.text)
    __aeabi_memcpy4                          0x0800029d   Thumb Code     0  rt_memcpy_w.o(.text)
    __aeabi_memcpy8                          0x0800029d   Thumb Code     0  rt_memcpy_w.o(.text)
    __rt_memcpy_w                            0x0800029d   Thumb Code   100  rt_memcpy_w.o(.text)
    _memcpy_lastbytes_aligned                0x080002e5   Thumb Code     0  rt_memcpy_w.o(.text)
    __aeabi_memclr4                          0x08000301   Thumb Code     0  rt_memclr_w.o(.text)
    __aeabi_memclr8                          0x08000301   Thumb Code     0  rt_memclr_w.o(.text)
    __rt_memclr_w                            0x08000301   Thumb Code    78  rt_memclr_w.o(.text)
    _memset_w                                0x08000305   Thumb Code     0  rt_memclr_w.o(.text)
    __user_setup_stackheap                   0x0800034f   Thumb Code    74  sys_stackheap_outer.o(.text)
    exit                                     0x08000399   Thumb Code    12  exit.o(.text)
    __user_libspace                          0x080003a5   Thumb Code     8  libspace.o(.text)
    __user_perproc_libspace                  0x080003a5   Thumb Code     0  libspace.o(.text)
    __user_perthread_libspace                0x080003a5   Thumb Code     0  libspace.o(.text)
    _sys_exit                                0x080003ad   Thumb Code     8  sys_exit.o(.text)
    __I$use$semihosting                      0x080003b9   Thumb Code     0  use_no_semi.o(.text)
    __use_no_semihosting_swi                 0x080003b9   Thumb Code     2  use_no_semi.o(.text)
    __semihosting_library_function           0x080003bb   Thumb Code     0  indicate_semi.o(.text)
    EXTI0_IRQHandler                         0x080003bd   Thumb Code    58  oeswitch.o(i.EXTI0_IRQHandler)
    EXTI1_IRQHandler                         0x08000409   Thumb Code    58  oeswitch.o(i.EXTI1_IRQHandler)
    NVIC_Init                                0x08000455   Thumb Code   100  misc.o(i.NVIC_Init)
    SystemInit                               0x080005ad   Thumb Code    78  system_stm32f10x.o(i.SystemInit)
    USART1_IRQHandler                        0x0800060d   Thumb Code    64  briupusart.o(i.USART1_IRQHandler)
    USART2_IRQHandler                        0x0800065d   Thumb Code    66  briupzigbee.o(i.USART2_IRQHandler)
    _delay_init                              0x080006b1   Thumb Code    42  briupdelay.o(i._delay_init)
    _delay_ms                                0x080006e5   Thumb Code   102  briupdelay.o(i._delay_ms)
    baseLedSet                               0x08000751   Thumb Code   200  baseperipheral.o(i.baseLedSet)
    briupGPIOInit                            0x0800081d   Thumb Code    76  briupgpio.o(i.briupGPIOInit)
    closeWarn                                0x0800087d   Thumb Code    14  warn.o(i.closeWarn)
    closeWarnLed                             0x08000891   Thumb Code    14  warn.o(i.closeWarnLed)
    main                                     0x080008d9   Thumb Code   124  main.o(i.main)
    oeSwitchInit                             0x08000959   Thumb Code   172  oeswitch.o(i.oeSwitchInit)
    protocolRes                              0x08000a15   Thumb Code   146  protocol.o(i.protocolRes)
    protocolSend                             0x08000aad   Thumb Code   150  protocol.o(i.protocolSend)
    putBuffer                                0x08000b4d   Thumb Code    28  briupusart.o(i.putBuffer)
    putChar                                  0x08000b69   Thumb Code    22  briupusart.o(i.putChar)
    usart1Init                               0x08000b85   Thumb Code   294  briupusart.o(i.usart1Init)
    warn                                     0x08000cc5   Thumb Code    14  warn.o(i.warn)
    warnInit                                 0x08000cd9   Thumb Code    52  warn.o(i.warnInit)
    warnLed                                  0x08000d15   Thumb Code    14  warn.o(i.warnLed)
    zigbeeGetData                            0x08000d29   Thumb Code   216  briupzigbee.o(i.zigbeeGetData)
    zigbeeInit                               0x08000e11   Thumb Code   284  briupzigbee.o(i.zigbeeInit)
    zigbeeSendBuf                            0x08000f45   Thumb Code    40  briupzigbee.o(i.zigbeeSendBuf)
    __aeabi_dadd                             0x08000f71   Thumb Code     0  daddsub_clz.o(x$fpl$dadd)
    _dadd                                    0x08000f71   Thumb Code   332  daddsub_clz.o(x$fpl$dadd)
    __aeabi_ddiv                             0x080010c1   Thumb Code     0  ddiv.o(x$fpl$ddiv)
    _ddiv                                    0x080010c1   Thumb Code   552  ddiv.o(x$fpl$ddiv)
    __aeabi_d2uiz                            0x08001371   Thumb Code     0  dfixu.o(x$fpl$dfixu)
    _dfixu                                   0x08001371   Thumb Code    90  dfixu.o(x$fpl$dfixu)
    __aeabi_ui2d                             0x080013cb   Thumb Code     0  dflt_clz.o(x$fpl$dfltu)
    _dfltu                                   0x080013cb   Thumb Code    38  dflt_clz.o(x$fpl$dfltu)
    __aeabi_dmul                             0x080013f1   Thumb Code     0  dmul.o(x$fpl$dmul)
    _dmul                                    0x080013f1   Thumb Code   332  dmul.o(x$fpl$dmul)
    __fpl_dnaninf                            0x08001545   Thumb Code   156  dnaninf.o(x$fpl$dnaninf)
    __fpl_dretinf                            0x080015e1   Thumb Code    12  dretinf.o(x$fpl$dretinf)
    __aeabi_drsub                            0x080015ed   Thumb Code     0  daddsub_clz.o(x$fpl$drsb)
    _drsb                                    0x080015ed   Thumb Code    22  daddsub_clz.o(x$fpl$drsb)
    __aeabi_dsub                             0x08001605   Thumb Code     0  daddsub_clz.o(x$fpl$dsub)
    _dsub                                    0x08001605   Thumb Code   464  daddsub_clz.o(x$fpl$dsub)
    Region$$Table$$Base                      0x080017d8   Number         0  anon$$obj.o(Region$$Table)
    __I$use$fp                               0x080017d8   Number         0  usenofp.o(x$fpl$usenofp)
    Region$$Table$$Limit                     0x080017f8   Number         0  anon$$obj.o(Region$$Table)
    heart                                    0x20000000   Data           1  protocol.o(.data)
    addh                                     0x20000001   Data           1  protocol.o(.data)
    addl                                     0x20000002   Data           1  protocol.o(.data)
    flag                                     0x20000003   Data           1  oeswitch.o(.data)
    __libspace_start                         0x20000214   Data          96  libspace.o(.bss)
    __temporary_stack_top$libspace           0x20000274   Data           0  libspace.o(.bss)



==============================================================================

Memory Map of the image

  Image Entry point : 0x080000ed

  Load Region LR_IROM1 (Base: 0x08000000, Size: 0x0000180c, Max: 0x00010000, ABSOLUTE)

    Execution Region ER_IROM1 (Base: 0x08000000, Size: 0x000017f8, Max: 0x00010000, ABSOLUTE)

    Base Addr    Size         Type   Attr      Idx    E Section Name        Object

    0x08000000   0x000000ec   Data   RO          103    RESET               startup_stm32f10x_md.o
    0x080000ec   0x00000008   Code   RO          430  * !!!main             c_w.l(__main.o)
    0x080000f4   0x00000034   Code   RO          617    !!!scatter          c_w.l(__scatter.o)
    0x08000128   0x0000001a   Code   RO          619    !!handler_copy      c_w.l(__scatter_copy.o)
    0x08000142   0x00000002   PAD
    0x08000144   0x0000001c   Code   RO          621    !!handler_zi        c_w.l(__scatter_zi.o)
    0x08000160   0x00000002   Code   RO          488    .ARM.Collect$$libinit$$00000000  c_w.l(libinit.o)
    0x08000162   0x00000000   Code   RO          495    .ARM.Collect$$libinit$$00000002  c_w.l(libinit2.o)
    0x08000162   0x00000000   Code   RO          497    .ARM.Collect$$libinit$$00000004  c_w.l(libinit2.o)
    0x08000162   0x00000000   Code   RO          500    .ARM.Collect$$libinit$$0000000A  c_w.l(libinit2.o)
    0x08000162   0x00000000   Code   RO          502    .ARM.Collect$$libinit$$0000000C  c_w.l(libinit2.o)
    0x08000162   0x00000000   Code   RO          504    .ARM.Collect$$libinit$$0000000E  c_w.l(libinit2.o)
    0x08000162   0x00000000   Code   RO          507    .ARM.Collect$$libinit$$00000011  c_w.l(libinit2.o)
    0x08000162   0x00000000   Code   RO          509    .ARM.Collect$$libinit$$00000013  c_w.l(libinit2.o)
    0x08000162   0x00000000   Code   RO          511    .ARM.Collect$$libinit$$00000015  c_w.l(libinit2.o)
    0x08000162   0x00000000   Code   RO          513    .ARM.Collect$$libinit$$00000017  c_w.l(libinit2.o)
    0x08000162   0x00000000   Code   RO          515    .ARM.Collect$$libinit$$00000019  c_w.l(libinit2.o)
    0x08000162   0x00000000   Code   RO          517    .ARM.Collect$$libinit$$0000001B  c_w.l(libinit2.o)
    0x08000162   0x00000000   Code   RO          519    .ARM.Collect$$libinit$$0000001D  c_w.l(libinit2.o)
    0x08000162   0x00000000   Code   RO          521    .ARM.Collect$$libinit$$0000001F  c_w.l(libinit2.o)
    0x08000162   0x00000000   Code   RO          523    .ARM.Collect$$libinit$$00000021  c_w.l(libinit2.o)
    0x08000162   0x00000000   Code   RO          525    .ARM.Collect$$libinit$$00000023  c_w.l(libinit2.o)
    0x08000162   0x00000000   Code   RO          527    .ARM.Collect$$libinit$$00000025  c_w.l(libinit2.o)
    0x08000162   0x00000000   Code   RO          531    .ARM.Collect$$libinit$$0000002C  c_w.l(libinit2.o)
    0x08000162   0x00000000   Code   RO          533    .ARM.Collect$$libinit$$0000002E  c_w.l(libinit2.o)
    0x08000162   0x00000000   Code   RO          535    .ARM.Collect$$libinit$$00000030  c_w.l(libinit2.o)
    0x08000162   0x00000000   Code   RO          537    .ARM.Collect$$libinit$$00000032  c_w.l(libinit2.o)
    0x08000162   0x00000002   Code   RO          538    .ARM.Collect$$libinit$$00000033  c_w.l(libinit2.o)
    0x08000164   0x00000002   Code   RO          558    .ARM.Collect$$libshutdown$$00000000  c_w.l(libshutdown.o)
    0x08000166   0x00000000   Code   RO          572    .ARM.Collect$$libshutdown$$00000003  c_w.l(libshutdown2.o)
    0x08000166   0x00000000   Code   RO          575    .ARM.Collect$$libshutdown$$00000006  c_w.l(libshutdown2.o)
    0x08000166   0x00000000   Code   RO          578    .ARM.Collect$$libshutdown$$00000009  c_w.l(libshutdown2.o)
    0x08000166   0x00000000   Code   RO          580    .ARM.Collect$$libshutdown$$0000000B  c_w.l(libshutdown2.o)
    0x08000166   0x00000000   Code   RO          583    .ARM.Collect$$libshutdown$$0000000E  c_w.l(libshutdown2.o)
    0x08000166   0x00000002   Code   RO          584    .ARM.Collect$$libshutdown$$0000000F  c_w.l(libshutdown2.o)
    0x08000168   0x00000000   Code   RO          454    .ARM.Collect$$rtentry$$00000000  c_w.l(__rtentry.o)
    0x08000168   0x00000000   Code   RO          465    .ARM.Collect$$rtentry$$00000002  c_w.l(__rtentry2.o)
    0x08000168   0x00000006   Code   RO          477    .ARM.Collect$$rtentry$$00000004  c_w.l(__rtentry4.o)
    0x0800016e   0x00000000   Code   RO          467    .ARM.Collect$$rtentry$$00000009  c_w.l(__rtentry2.o)
    0x0800016e   0x00000004   Code   RO          468    .ARM.Collect$$rtentry$$0000000A  c_w.l(__rtentry2.o)
    0x08000172   0x00000000   Code   RO          470    .ARM.Collect$$rtentry$$0000000C  c_w.l(__rtentry2.o)
    0x08000172   0x00000008   Code   RO          471    .ARM.Collect$$rtentry$$0000000D  c_w.l(__rtentry2.o)
    0x0800017a   0x00000002   Code   RO          492    .ARM.Collect$$rtexit$$00000000  c_w.l(rtexit.o)
    0x0800017c   0x00000000   Code   RO          540    .ARM.Collect$$rtexit$$00000002  c_w.l(rtexit2.o)
    0x0800017c   0x00000004   Code   RO          541    .ARM.Collect$$rtexit$$00000003  c_w.l(rtexit2.o)
    0x08000180   0x00000006   Code   RO          542    .ARM.Collect$$rtexit$$00000004  c_w.l(rtexit2.o)
    0x08000186   0x00000002   PAD
    0x08000188   0x00000040   Code   RO          104    .text               startup_stm32f10x_md.o
    0x080001c8   0x0000008a   Code   RO          424    .text               c_w.l(rt_memcpy_v6.o)
    0x08000252   0x00000044   Code   RO          426    .text               c_w.l(rt_memclr.o)
    0x08000296   0x00000006   Code   RO          428    .text               c_w.l(heapauxi.o)
    0x0800029c   0x00000064   Code   RO          455    .text               c_w.l(rt_memcpy_w.o)
    0x08000300   0x0000004e   Code   RO          457    .text               c_w.l(rt_memclr_w.o)
    0x0800034e   0x0000004a   Code   RO          479    .text               c_w.l(sys_stackheap_outer.o)
    0x08000398   0x0000000c   Code   RO          481    .text               c_w.l(exit.o)
    0x080003a4   0x00000008   Code   RO          489    .text               c_w.l(libspace.o)
    0x080003ac   0x0000000c   Code   RO          550    .text               c_w.l(sys_exit.o)
    0x080003b8   0x00000002   Code   RO          561    .text               c_w.l(use_no_semi.o)
    0x080003ba   0x00000000   Code   RO          563    .text               c_w.l(indicate_semi.o)
    0x080003ba   0x00000002   PAD
    0x080003bc   0x0000004c   Code   RO          109    i.EXTI0_IRQHandler  oeswitch.o
    0x08000408   0x0000004c   Code   RO          110    i.EXTI1_IRQHandler  oeswitch.o
    0x08000454   0x00000070   Code   RO          386    i.NVIC_Init         misc.o
    0x080004c4   0x00000008   Code   RO          352    i.SetSysClock       system_stm32f10x.o
    0x080004cc   0x000000e0   Code   RO          353    i.SetSysClockTo72   system_stm32f10x.o
    0x080005ac   0x00000060   Code   RO          355    i.SystemInit        system_stm32f10x.o
    0x0800060c   0x00000050   Code   RO          202    i.USART1_IRQHandler  briupusart.o
    0x0800065c   0x00000054   Code   RO          297    i.USART2_IRQHandler  briupzigbee.o
    0x080006b0   0x00000034   Code   RO          265    i._delay_init       briupdelay.o
    0x080006e4   0x0000006c   Code   RO          266    i._delay_ms         briupdelay.o
    0x08000750   0x000000cc   Code   RO          185    i.baseLedSet        baseperipheral.o
    0x0800081c   0x00000060   Code   RO          330    i.briupGPIOInit     briupgpio.o
    0x0800087c   0x00000014   Code   RO          148    i.closeWarn         warn.o
    0x08000890   0x00000014   Code   RO          149    i.closeWarnLed      warn.o
    0x080008a4   0x00000032   Code   RO           66    i.cmdCheck          protocol.o
    0x080008d6   0x00000002   PAD
    0x080008d8   0x00000080   Code   RO            1    i.main              main.o
    0x08000958   0x000000bc   Code   RO          112    i.oeSwitchInit      oeswitch.o
    0x08000a14   0x00000098   Code   RO           68    i.protocolRes       protocol.o
    0x08000aac   0x000000a0   Code   RO           69    i.protocolSend      protocol.o
    0x08000b4c   0x0000001c   Code   RO          206    i.putBuffer         briupusart.o
    0x08000b68   0x0000001c   Code   RO          207    i.putChar           briupusart.o
    0x08000b84   0x00000140   Code   RO          210    i.usart1Init        briupusart.o
    0x08000cc4   0x00000014   Code   RO          150    i.warn              warn.o
    0x08000cd8   0x0000003c   Code   RO          151    i.warnInit          warn.o
    0x08000d14   0x00000014   Code   RO          152    i.warnLed           warn.o
    0x08000d28   0x000000e8   Code   RO          298    i.zigbeeGetData     briupzigbee.o
    0x08000e10   0x00000134   Code   RO          299    i.zigbeeInit        briupzigbee.o
    0x08000f44   0x0000002c   Code   RO          300    i.zigbeeSendBuf     briupzigbee.o
    0x08000f70   0x00000150   Code   RO          432    x$fpl$dadd          fz_ws.l(daddsub_clz.o)
    0x080010c0   0x000002b0   Code   RO          439    x$fpl$ddiv          fz_ws.l(ddiv.o)
    0x08001370   0x0000005a   Code   RO          442    x$fpl$dfixu         fz_ws.l(dfixu.o)
    0x080013ca   0x00000026   Code   RO          446    x$fpl$dfltu         fz_ws.l(dflt_clz.o)
    0x080013f0   0x00000154   Code   RO          452    x$fpl$dmul          fz_ws.l(dmul.o)
    0x08001544   0x0000009c   Code   RO          459    x$fpl$dnaninf       fz_ws.l(dnaninf.o)
    0x080015e0   0x0000000c   Code   RO          461    x$fpl$dretinf       fz_ws.l(dretinf.o)
    0x080015ec   0x00000016   Code   RO          433    x$fpl$drsb          fz_ws.l(daddsub_clz.o)
    0x08001602   0x00000002   PAD
    0x08001604   0x000001d4   Code   RO          434    x$fpl$dsub          fz_ws.l(daddsub_clz.o)
    0x080017d8   0x00000000   Code   RO          463    x$fpl$usenofp       fz_ws.l(usenofp.o)
    0x080017d8   0x00000020   Data   RO          615    Region$$Table       anon$$obj.o


    Execution Region RW_IRAM1 (Base: 0x20000000, Size: 0x00000878, Max: 0x00005000, ABSOLUTE)

    Base Addr    Size         Type   Attr      Idx    E Section Name        Object

    0x20000000   0x00000003   Data   RW           70    .data               protocol.o
    0x20000003   0x00000001   Data   RW          114    .data               oeswitch.o
    0x20000004   0x00000006   Data   RW          212    .data               briupusart.o
    0x2000000a   0x00000004   Data   RW          269    .data               briupdelay.o
    0x2000000e   0x00000006   Data   RW          302    .data               briupzigbee.o
    0x20000014   0x00000100   Zero   RW          211    .bss                briupusart.o
    0x20000114   0x00000100   Zero   RW          301    .bss                briupzigbee.o
    0x20000214   0x00000060   Zero   RW          490    .bss                c_w.l(libspace.o)
    0x20000274   0x00000004   PAD
    0x20000278   0x00000200   Zero   RW          102    HEAP                startup_stm32f10x_md.o
    0x20000478   0x00000400   Zero   RW          101    STACK               startup_stm32f10x_md.o


==============================================================================

Image component sizes


      Code (inc. data)   RO Data    RW Data    ZI Data      Debug   Object Name

       204         12          0          0          0        561   baseperipheral.o
       160         16          0          4          0       1586   briupdelay.o
        96         20          0          0          0        456   briupgpio.o
       456         48          0          6        256       2843   briupusart.o
       668         62          0          6        256       3209   briupzigbee.o
       128          4          0          0          0     209259   main.o
       112         12          0          0          0       1124   misc.o
       340         52          0          1          0       2248   oeswitch.o
       362         16          0          3          0       2847   protocol.o
        64         26        236          0       1536        944   startup_stm32f10x_md.o
       328         28          0          0          0       2249   system_stm32f10x.o
       140         32          0          0          0       2091   warn.o

    ----------------------------------------------------------------------
      3060        328        268         20       2048     229417   Object Totals
         0          0         32          0          0          0   (incl. Generated)
         2          0          0          0          0          0   (incl. Padding)

    ----------------------------------------------------------------------

      Code (inc. data)   RO Data    RW Data    ZI Data      Debug   Library Member Name

         8          0          0          0          0         68   __main.o
         0          0          0          0          0          0   __rtentry.o
        12          0          0          0          0          0   __rtentry2.o
         6          0          0          0          0          0   __rtentry4.o
        52          8          0          0          0          0   __scatter.o
        26          0          0          0          0          0   __scatter_copy.o
        28          0          0          0          0          0   __scatter_zi.o
        12          0          0          0          0         72   exit.o
         6          0          0          0          0        152   heapauxi.o
         0          0          0          0          0          0   indicate_semi.o
         2          0          0          0          0          0   libinit.o
         2          0          0          0          0          0   libinit2.o
         2          0          0          0          0          0   libshutdown.o
         2          0          0          0          0          0   libshutdown2.o
         8          4          0          0         96         68   libspace.o
        68          0          0          0          0         68   rt_memclr.o
        78          0          0          0          0         80   rt_memclr_w.o
       138          0          0          0          0         68   rt_memcpy_v6.o
       100          0          0          0          0         80   rt_memcpy_w.o
         2          0          0          0          0          0   rtexit.o
        10          0          0          0          0          0   rtexit2.o
        12          4          0          0          0         68   sys_exit.o
        74          0          0          0          0         80   sys_stackheap_outer.o
         2          0          0          0          0         68   use_no_semi.o
       826         16          0          0          0        348   daddsub_clz.o
       688        140          0          0          0        208   ddiv.o
        90          4          0          0          0         92   dfixu.o
        38          0          0          0          0         68   dflt_clz.o
       340         12          0          0          0        104   dmul.o
       156          4          0          0          0         92   dnaninf.o
        12          0          0          0          0         68   dretinf.o
         0          0          0          0          0          0   usenofp.o

    ----------------------------------------------------------------------
      2808        192          0          0        100       1852   Library Totals
         8          0          0          0          4          0   (incl. Padding)

    ----------------------------------------------------------------------

      Code (inc. data)   RO Data    RW Data    ZI Data      Debug   Library Name

       650         16          0          0         96        872   c_w.l
      2150        176          0          0          0        980   fz_ws.l

    ----------------------------------------------------------------------
      2808        192          0          0        100       1852   Library Totals

    ----------------------------------------------------------------------

==============================================================================


      Code (inc. data)   RO Data    RW Data    ZI Data      Debug   

      5868        520        268         20       2148     229133   Grand Totals
      5868        520        268         20       2148     229133   ELF Image Totals
      5868        520        268         20          0          0   ROM Totals

==============================================================================

    Total RO  Size (Code + RO Data)                 6136 (   5.99kB)
    Total RW  Size (RW Data + ZI Data)              2168 (   2.12kB)
    Total ROM Size (Code + RO Data + RW Data)       6156 (   6.01kB)

==============================================================================

