<html>
<body>
<pre>
<h1>µVision Build Log</h1>
<h2>Tool Versions:</h2>
IDE-Version: ¦ÌVision V5.15
Copyright (C) 2015 ARM Ltd and ARM Germany GmbH. All rights reserved.
License Information: keil qqyanghaosenqq@outlook.com, keil, LIC=HN08T-RZUJ5-2YNV0-B7QZT-1VVYZ-YG1W1
 
Tool Versions:
Toolchain:       MDK-ARM Standard  Version: 5.15.0
Toolchain Path:  C:\Keil_v5\ARM\ARMCC\Bin
C Compiler:      Armcc.exe V5.05 update 2 (build 169)
Assembler:       Armasm.exe V5.05 update 2 (build 169)
Linker/Locator:  ArmLink.exe V5.05 update 2 (build 169)
Library Manager: ArmAr.exe V5.05 update 2 (build 169)
Hex Converter:   FromElf.exe V5.05 update 2 (build 169)
CPU DLL:         SARMCM3.DLL V5.15.0
Dialog DLL:      DARMSTM.DLL V1.65.0.0
Target DLL:      Segger\JL2CM3.dll V2.99.15.0
Dialog DLL:      DARMSTM.DLL V1.65.0.0
 
<h2>Project:</h2>
D:\mdkWorkspace\csuIotSmartHomeYhs\mydevice\project\IotSmartHome.uvprojx
Project File Date:  07/15/2018

<h2>Output:</h2>
*** Using Compiler 'V5.05 update 2 (build 169)', folder: 'C:\Keil_v5\ARM\ARMCC\Bin'
Rebuild target 'Target 1'
compiling main.c...
assembling startup_stm32f10x_md.s...
compiling basePeripheral.c...
compiling oeSwitch.c...
compiling fire.c...
compiling warn.c...
compiling fansRelay.c...
compiling lock.c...
compiling briupGPIO.c...
compiling briupDelay.c...
compiling briupUSART.c...
compiling security.c...
compiling is.c...
compiling core_cm3.c...
compiling system_stm32f10x.c...
compiling misc.c...
linking...
Program Size: Code=3968 RO-data=268 RW-data=12 ZI-data=1892  
FromELF: creating hex file...
".\Objects\IotSmartHome.axf" - 0 Error(s), 0 Warning(s).

<h2>Collection of Component include folders:</h2>
  D:\mdkWorkspace\csuIotSmartHomeYhs\mydevice\project\RTE
  C:\Keil_v5\ARM\PACK\Keil\STM32F1xx_DFP\2.1.0\Device\Include

<h2>Collection of Component Files used:</h2>
</pre>
</body>
</html>
